Archive member included because of file (symbol)

c:/program files (x86)/atmel/studio/7.0/toolchain/avr32/avr32-gnu-toolchain/bin/../lib/gcc/avr32/4.4.7/../../../../avr32/lib/ucr2\libc.a(lib_a-memcpy.o)
                              src/ASF/avr32/drivers/flashc/flashc.o (memcpy)

Allocating common symbols
Common symbol       size              file

char_sent           0x4               src/adc_example.o

Discarded input sections

 .text          0x00000000        0x0 src/adc_example.o
 .data          0x00000000        0x0 src/adc_example.o
 .bss           0x00000000        0x0 src/adc_example.o
 .text          0x00000000        0x0 src/ASF/avr32/boards/evk1100/led.o
 .data          0x00000000        0x0 src/ASF/avr32/boards/evk1100/led.o
 .bss           0x00000000        0x0 src/ASF/avr32/boards/evk1100/led.o
 .debug_abbrev  0x00000000      0x286 src/ASF/avr32/boards/evk1100/led.o
 .debug_info    0x00000000      0xf13 src/ASF/avr32/boards/evk1100/led.o
 .debug_line    0x00000000      0x79b src/ASF/avr32/boards/evk1100/led.o
 .debug_macinfo
                0x00000000    0xedcb1 src/ASF/avr32/boards/evk1100/led.o
 .text.LED_Read_Display
                0x00000000        0xc src/ASF/avr32/boards/evk1100/led.o
 .text.LED_Display
                0x00000000       0x54 src/ASF/avr32/boards/evk1100/led.o
 .text.LED_Read_Display_Mask
                0x00000000        0xc src/ASF/avr32/boards/evk1100/led.o
 .text.LED_Test
                0x00000000       0x10 src/ASF/avr32/boards/evk1100/led.o
 .text.LED_Set_Intensity
                0x00000000       0xb0 src/ASF/avr32/boards/evk1100/led.o
 .text.LED_Get_Intensity
                0x00000000       0x40 src/ASF/avr32/boards/evk1100/led.o
 .text.LED_Read_Display_Field
                0x00000000       0x20 src/ASF/avr32/boards/evk1100/led.o
 .text.LED_Toggle
                0x00000000       0x5c src/ASF/avr32/boards/evk1100/led.o
 .text.LED_On   0x00000000       0x5c src/ASF/avr32/boards/evk1100/led.o
 .text.LED_Off  0x00000000       0x60 src/ASF/avr32/boards/evk1100/led.o
 .text.LED_Display_Mask
                0x00000000       0x84 src/ASF/avr32/boards/evk1100/led.o
 .text.LED_Display_Field
                0x00000000       0x20 src/ASF/avr32/boards/evk1100/led.o
 .data.LED_State
                0x00000000        0x4 src/ASF/avr32/boards/evk1100/led.o
 .rodata.LED_DESCRIPTOR
                0x00000000       0x80 src/ASF/avr32/boards/evk1100/led.o
 .debug_frame   0x00000000      0x114 src/ASF/avr32/boards/evk1100/led.o
 .debug_loc     0x00000000      0x2aa src/ASF/avr32/boards/evk1100/led.o
 .debug_pubnames
                0x00000000       0xf6 src/ASF/avr32/boards/evk1100/led.o
 .debug_aranges
                0x00000000       0x78 src/ASF/avr32/boards/evk1100/led.o
 .debug_ranges  0x00000000       0x70 src/ASF/avr32/boards/evk1100/led.o
 .debug_str     0x00000000      0x4bd src/ASF/avr32/boards/evk1100/led.o
 .comment       0x00000000       0x31 src/ASF/avr32/boards/evk1100/led.o
 .text          0x00000000        0x0 src/ASF/avr32/drivers/adc/adc.o
 .data          0x00000000        0x0 src/ASF/avr32/drivers/adc/adc.o
 .bss           0x00000000        0x0 src/ASF/avr32/drivers/adc/adc.o
 .text.adc_get_status
                0x00000000       0x10 src/ASF/avr32/drivers/adc/adc.o
 .text.adc_disable
                0x00000000       0x28 src/ASF/avr32/drivers/adc/adc.o
 .text.adc_check_ovr
                0x00000000       0x12 src/ASF/avr32/drivers/adc/adc.o
 .text.adc_get_latest_value
                0x00000000        0xc src/ASF/avr32/drivers/adc/adc.o
 .text          0x00000000        0x0 src/ASF/avr32/drivers/flashc/flashc.o
 .data          0x00000000        0x0 src/ASF/avr32/drivers/flashc/flashc.o
 .bss           0x00000000        0x0 src/ASF/avr32/drivers/flashc/flashc.o
 .text.flashc_get_flash_size
                0x00000000       0x34 src/ASF/avr32/drivers/flashc/flashc.o
 .text.flashc_get_page_count
                0x00000000       0x10 src/ASF/avr32/drivers/flashc/flashc.o
 .text.flashc_get_page_count_per_region
                0x00000000       0x10 src/ASF/avr32/drivers/flashc/flashc.o
 .text.flashc_get_region_first_page_number
                0x00000000       0x14 src/ASF/avr32/drivers/flashc/flashc.o
 .text.flashc_get_wait_state
                0x00000000        0xc src/ASF/avr32/drivers/flashc/flashc.o
 .text.flashc_is_ready_int_enabled
                0x00000000        0xc src/ASF/avr32/drivers/flashc/flashc.o
 .text.flashc_enable_ready_int
                0x00000000        0xe src/ASF/avr32/drivers/flashc/flashc.o
 .text.flashc_is_lock_error_int_enabled
                0x00000000        0xc src/ASF/avr32/drivers/flashc/flashc.o
 .text.flashc_enable_lock_error_int
                0x00000000        0xe src/ASF/avr32/drivers/flashc/flashc.o
 .text.flashc_is_prog_error_int_enabled
                0x00000000        0xc src/ASF/avr32/drivers/flashc/flashc.o
 .text.flashc_enable_prog_error_int
                0x00000000        0xe src/ASF/avr32/drivers/flashc/flashc.o
 .text.flashc_is_ready
                0x00000000        0xc src/ASF/avr32/drivers/flashc/flashc.o
 .text.flashc_default_wait_until_ready
                0x00000000       0x10 src/ASF/avr32/drivers/flashc/flashc.o
 .text.flashc_is_lock_error
                0x00000000       0x10 src/ASF/avr32/drivers/flashc/flashc.o
 .text.flashc_is_programming_error
                0x00000000       0x10 src/ASF/avr32/drivers/flashc/flashc.o
 .text.flashc_get_command
                0x00000000        0xc src/ASF/avr32/drivers/flashc/flashc.o
 .text.flashc_get_page_number
                0x00000000        0xc src/ASF/avr32/drivers/flashc/flashc.o
 .text.flashc_get_page_region
                0x00000000       0x28 src/ASF/avr32/drivers/flashc/flashc.o
 .text.flashc_issue_command
                0x00000000       0x48 src/ASF/avr32/drivers/flashc/flashc.o
 .text.flashc_no_operation
                0x00000000       0x10 src/ASF/avr32/drivers/flashc/flashc.o
 .text.flashc_erase_all
                0x00000000       0x10 src/ASF/avr32/drivers/flashc/flashc.o
 .text.flashc_is_security_bit_active
                0x00000000        0xc src/ASF/avr32/drivers/flashc/flashc.o
 .text.flashc_activate_security_bit
                0x00000000       0x10 src/ASF/avr32/drivers/flashc/flashc.o
 .text.flashc_is_region_locked
                0x00000000       0x1a src/ASF/avr32/drivers/flashc/flashc.o
 .text.flashc_is_page_region_locked
                0x00000000       0x14 src/ASF/avr32/drivers/flashc/flashc.o
 .text.flashc_lock_page_region
                0x00000000       0x1c src/ASF/avr32/drivers/flashc/flashc.o
 .text.flashc_lock_region
                0x00000000       0x1c src/ASF/avr32/drivers/flashc/flashc.o
 .text.flashc_lock_all_regions
                0x00000000       0x2c src/ASF/avr32/drivers/flashc/flashc.o
 .text.flashc_read_all_gp_fuses
                0x00000000       0x26 src/ASF/avr32/drivers/flashc/flashc.o
 .text.flashc_read_gp_fuse_byte
                0x00000000       0x44 src/ASF/avr32/drivers/flashc/flashc.o
 .text.flashc_read_gp_fuse_bitfield
                0x00000000       0x74 src/ASF/avr32/drivers/flashc/flashc.o
 .text.flashc_get_bootloader_protected_size
                0x00000000       0x20 src/ASF/avr32/drivers/flashc/flashc.o
 .text.flashc_read_gp_fuse_bit
                0x00000000       0x3c src/ASF/avr32/drivers/flashc/flashc.o
 .text.flashc_is_external_privileged_fetch_locked
                0x00000000       0x14 src/ASF/avr32/drivers/flashc/flashc.o
 .text.flashc_erase_gp_fuse_bit
                0x00000000       0x2c src/ASF/avr32/drivers/flashc/flashc.o
 .text.flashc_erase_gp_fuse_bitfield
                0x00000000       0x8c src/ASF/avr32/drivers/flashc/flashc.o
 .text.flashc_erase_all_gp_fuses
                0x00000000       0x30 src/ASF/avr32/drivers/flashc/flashc.o
 .text.flashc_write_gp_fuse_bit
                0x00000000       0x18 src/ASF/avr32/drivers/flashc/flashc.o
 .text.flashc_write_gp_fuse_bitfield
                0x00000000       0x4c src/ASF/avr32/drivers/flashc/flashc.o
 .text.flashc_write_gp_fuse_byte
                0x00000000       0x18 src/ASF/avr32/drivers/flashc/flashc.o
 .text.flashc_erase_gp_fuse_byte
                0x00000000       0x74 src/ASF/avr32/drivers/flashc/flashc.o
 .text.flashc_write_all_gp_fuses
                0x00000000       0x3c src/ASF/avr32/drivers/flashc/flashc.o
 .text.flashc_set_gp_fuse_bit
                0x00000000       0x20 src/ASF/avr32/drivers/flashc/flashc.o
 .text.flashc_lock_external_privileged_fetch
                0x00000000       0x18 src/ASF/avr32/drivers/flashc/flashc.o
 .text.flashc_set_gp_fuse_bitfield
                0x00000000       0x4c src/ASF/avr32/drivers/flashc/flashc.o
 .text.flashc_set_gp_fuse_byte
                0x00000000       0x4c src/ASF/avr32/drivers/flashc/flashc.o
 .text.flashc_set_all_gp_fuses
                0x00000000       0x54 src/ASF/avr32/drivers/flashc/flashc.o
 .text.flashc_clear_page_buffer
                0x00000000       0x10 src/ASF/avr32/drivers/flashc/flashc.o
 .text.flashc_is_page_erased
                0x00000000        0xc src/ASF/avr32/drivers/flashc/flashc.o
 .text.flashc_quick_page_read
                0x00000000       0x18 src/ASF/avr32/drivers/flashc/flashc.o
 .text.flashc_erase_page
                0x00000000       0x38 src/ASF/avr32/drivers/flashc/flashc.o
 .text.flashc_erase_all_pages
                0x00000000       0x48 src/ASF/avr32/drivers/flashc/flashc.o
 .text.flashc_write_page
                0x00000000       0x10 src/ASF/avr32/drivers/flashc/flashc.o
 .text.flashc_quick_user_page_read
                0x00000000       0x18 src/ASF/avr32/drivers/flashc/flashc.o
 .text.flashc_erase_user_page
                0x00000000       0x28 src/ASF/avr32/drivers/flashc/flashc.o
 .text.flashc_write_user_page
                0x00000000       0x10 src/ASF/avr32/drivers/flashc/flashc.o
 .text.flashc_memset64
                0x00000000      0x238 src/ASF/avr32/drivers/flashc/flashc.o
 .text.flashc_memset32
                0x00000000       0x20 src/ASF/avr32/drivers/flashc/flashc.o
 .text.flashc_memset16
                0x00000000       0x10 src/ASF/avr32/drivers/flashc/flashc.o
 .text.flashc_memset8
                0x00000000       0x14 src/ASF/avr32/drivers/flashc/flashc.o
 .text.flashc_memcpy
                0x00000000       0xfc src/ASF/avr32/drivers/flashc/flashc.o
 .text.flashc_set_bootloader_protected_size
                0x00000000       0x80 src/ASF/avr32/drivers/flashc/flashc.o
 .rodata.C.36.10528
                0x00000000       0x10 src/ASF/avr32/drivers/flashc/flashc.o
 .data.flashc_wait_until_ready
                0x00000000        0x4 src/ASF/avr32/drivers/flashc/flashc.o
 .bss.flashc_error_status
                0x00000000        0x4 src/ASF/avr32/drivers/flashc/flashc.o
 .text          0x00000000        0x0 src/ASF/avr32/drivers/gpio/gpio.o
 .data          0x00000000        0x0 src/ASF/avr32/drivers/gpio/gpio.o
 .bss           0x00000000        0x0 src/ASF/avr32/drivers/gpio/gpio.o
 .text.gpio_enable_gpio_pin
                0x00000000       0x18 src/ASF/avr32/drivers/gpio/gpio.o
 .text.gpio_enable_gpio
                0x00000000       0x28 src/ASF/avr32/drivers/gpio/gpio.o
 .text.gpio_enable_pin_pull_up
                0x00000000       0x16 src/ASF/avr32/drivers/gpio/gpio.o
 .text.gpio_disable_pin_pull_up
                0x00000000       0x16 src/ASF/avr32/drivers/gpio/gpio.o
 .text.gpio_configure_pin
                0x00000000       0xb8 src/ASF/avr32/drivers/gpio/gpio.o
 .text.gpio_configure_group
                0x00000000       0x6e src/ASF/avr32/drivers/gpio/gpio.o
 .text.gpio_get_pin_value
                0x00000000       0x16 src/ASF/avr32/drivers/gpio/gpio.o
 .text.gpio_get_gpio_pin_output_value
                0x00000000       0x16 src/ASF/avr32/drivers/gpio/gpio.o
 .text.gpio_get_gpio_open_drain_pin_output_value
                0x00000000       0x1a src/ASF/avr32/drivers/gpio/gpio.o
 .text.gpio_set_pin_high
                0x00000000       0x16 src/ASF/avr32/drivers/gpio/gpio.o
 .text.gpio_set_group_high
                0x00000000        0xc src/ASF/avr32/drivers/gpio/gpio.o
 .text.gpio_set_pin_low
                0x00000000       0x16 src/ASF/avr32/drivers/gpio/gpio.o
 .text.gpio_set_group_low
                0x00000000        0xc src/ASF/avr32/drivers/gpio/gpio.o
 .text.gpio_toggle_pin
                0x00000000       0x16 src/ASF/avr32/drivers/gpio/gpio.o
 .text.gpio_toggle_group
                0x00000000        0xc src/ASF/avr32/drivers/gpio/gpio.o
 .text.gpio_set_gpio_open_drain_pin
                0x00000000       0x18 src/ASF/avr32/drivers/gpio/gpio.o
 .text.gpio_clr_gpio_open_drain_pin
                0x00000000       0x1c src/ASF/avr32/drivers/gpio/gpio.o
 .text.gpio_tgl_gpio_open_drain_pin
                0x00000000       0x1c src/ASF/avr32/drivers/gpio/gpio.o
 .text.gpio_disable_pin_glitch_filter
                0x00000000       0x16 src/ASF/avr32/drivers/gpio/gpio.o
 .text.gpio_enable_pin_interrupt
                0x00000000       0x46 src/ASF/avr32/drivers/gpio/gpio.o
 .text.gpio_disable_pin_interrupt
                0x00000000       0x16 src/ASF/avr32/drivers/gpio/gpio.o
 .text.gpio_get_pin_interrupt_flag
                0x00000000       0x18 src/ASF/avr32/drivers/gpio/gpio.o
 .text.gpio_clear_pin_interrupt_flag
                0x00000000       0x16 src/ASF/avr32/drivers/gpio/gpio.o
 .text          0x00000000        0x0 src/ASF/avr32/drivers/intc/exception.o
 .data          0x00000000        0x0 src/ASF/avr32/drivers/intc/exception.o
 .bss           0x00000000        0x0 src/ASF/avr32/drivers/intc/exception.o
 .text          0x00000000        0x0 src/ASF/avr32/drivers/intc/intc.o
 .data          0x00000000        0x0 src/ASF/avr32/drivers/intc/intc.o
 .bss           0x00000000        0x0 src/ASF/avr32/drivers/intc/intc.o
 .text          0x00000000        0x0 src/ASF/avr32/drivers/pm/pm.o
 .data          0x00000000        0x0 src/ASF/avr32/drivers/pm/pm.o
 .bss           0x00000000        0x0 src/ASF/avr32/drivers/pm/pm.o
 .text.pm_enable_osc0_ext_clock
                0x00000000       0x10 src/ASF/avr32/drivers/pm/pm.o
 .text.pm_disable_clk0
                0x00000000        0x8 src/ASF/avr32/drivers/pm/pm.o
 .text.pm_set_osc1_mode
                0x00000000        0xa src/ASF/avr32/drivers/pm/pm.o
 .text.pm_enable_osc1_ext_clock
                0x00000000       0x10 src/ASF/avr32/drivers/pm/pm.o
 .text.pm_enable_osc1_crystal
                0x00000000       0x3c src/ASF/avr32/drivers/pm/pm.o
 .text.pm_disable_clk1
                0x00000000        0x8 src/ASF/avr32/drivers/pm/pm.o
 .text.pm_enable_clk1_no_wait
                0x00000000       0x10 src/ASF/avr32/drivers/pm/pm.o
 .text.pm_wait_for_clk1_ready
                0x00000000        0xa src/ASF/avr32/drivers/pm/pm.o
 .text.pm_enable_clk1
                0x00000000       0x1c src/ASF/avr32/drivers/pm/pm.o
 .text.pm_set_osc32_mode
                0x00000000        0xa src/ASF/avr32/drivers/pm/pm.o
 .text.pm_enable_osc32_ext_clock
                0x00000000       0x10 src/ASF/avr32/drivers/pm/pm.o
 .text.pm_enable_osc32_crystal
                0x00000000       0x10 src/ASF/avr32/drivers/pm/pm.o
 .text.pm_disable_clk32
                0x00000000        0x8 src/ASF/avr32/drivers/pm/pm.o
 .text.pm_enable_clk32_no_wait
                0x00000000       0x10 src/ASF/avr32/drivers/pm/pm.o
 .text.pm_wait_for_clk32_ready
                0x00000000        0xa src/ASF/avr32/drivers/pm/pm.o
 .text.pm_enable_clk32
                0x00000000       0x1c src/ASF/avr32/drivers/pm/pm.o
 .text.pm_cksel_get
                0x00000000        0x6 src/ASF/avr32/drivers/pm/pm.o
 .text.pm_cksel_set
                0x00000000        0xc src/ASF/avr32/drivers/pm/pm.o
 .text.pm_cksel
                0x00000000       0x46 src/ASF/avr32/drivers/pm/pm.o
 .text.pm_gc_setup
                0x00000000       0x22 src/ASF/avr32/drivers/pm/pm.o
 .text.pm_gc_enable
                0x00000000        0xe src/ASF/avr32/drivers/pm/pm.o
 .text.pm_gc_disable
                0x00000000        0xe src/ASF/avr32/drivers/pm/pm.o
 .text.pm_pll_setup
                0x00000000       0x22 src/ASF/avr32/drivers/pm/pm.o
 .text.pm_pll_set_option
                0x00000000       0x1a src/ASF/avr32/drivers/pm/pm.o
 .text.pm_pll_get_option
                0x00000000        0xc src/ASF/avr32/drivers/pm/pm.o
 .text.pm_pll_enable
                0x00000000        0xe src/ASF/avr32/drivers/pm/pm.o
 .text.pm_pll_disable
                0x00000000        0xe src/ASF/avr32/drivers/pm/pm.o
 .text.pm_wait_for_pll0_locked
                0x00000000        0xa src/ASF/avr32/drivers/pm/pm.o
 .text.pm_wait_for_pll1_locked
                0x00000000        0xa src/ASF/avr32/drivers/pm/pm.o
 .text.pm_get_clock
                0x00000000        0x8 src/ASF/avr32/drivers/pm/pm.o
 .text.pm_bod_enable_irq
                0x00000000        0xa src/ASF/avr32/drivers/pm/pm.o
 .text.pm_bod_clear_irq
                0x00000000        0xa src/ASF/avr32/drivers/pm/pm.o
 .text.pm_bod_get_irq_status
                0x00000000        0x8 src/ASF/avr32/drivers/pm/pm.o
 .text.pm_bod_get_irq_enable_bit
                0x00000000        0x8 src/ASF/avr32/drivers/pm/pm.o
 .text.pm_bod_get_level
                0x00000000        0xa src/ASF/avr32/drivers/pm/pm.o
 .text.pm_read_gplp
                0x00000000        0x8 src/ASF/avr32/drivers/pm/pm.o
 .text.pm_write_gplp
                0x00000000        0x8 src/ASF/avr32/drivers/pm/pm.o
 .text.pm_enable_module
                0x00000000       0x1a src/ASF/avr32/drivers/pm/pm.o
 .text.pm_disable_module
                0x00000000       0x1c src/ASF/avr32/drivers/pm/pm.o
 .text.pm_bod_disable_irq
                0x00000000       0x26 src/ASF/avr32/drivers/pm/pm.o
 .text          0x00000000        0x0 src/ASF/avr32/drivers/pm/pm_conf_clocks.o
 .data          0x00000000        0x0 src/ASF/avr32/drivers/pm/pm_conf_clocks.o
 .bss           0x00000000        0x0 src/ASF/avr32/drivers/pm/pm_conf_clocks.o
 .debug_abbrev  0x00000000      0x185 src/ASF/avr32/drivers/pm/pm_conf_clocks.o
 .debug_info    0x00000000      0xf50 src/ASF/avr32/drivers/pm/pm_conf_clocks.o
 .debug_line    0x00000000      0x6d2 src/ASF/avr32/drivers/pm/pm_conf_clocks.o
 .debug_macinfo
                0x00000000    0xec2ca src/ASF/avr32/drivers/pm/pm_conf_clocks.o
 .text.pm_configure_usb_clock
                0x00000000       0x70 src/ASF/avr32/drivers/pm/pm_conf_clocks.o
 .text.pm_configure_clocks
                0x00000000      0x1d4 src/ASF/avr32/drivers/pm/pm_conf_clocks.o
 .debug_frame   0x00000000       0x7c src/ASF/avr32/drivers/pm/pm_conf_clocks.o
 .debug_loc     0x00000000      0x232 src/ASF/avr32/drivers/pm/pm_conf_clocks.o
 .debug_pubnames
                0x00000000       0x45 src/ASF/avr32/drivers/pm/pm_conf_clocks.o
 .debug_aranges
                0x00000000       0x28 src/ASF/avr32/drivers/pm/pm_conf_clocks.o
 .debug_ranges  0x00000000       0x20 src/ASF/avr32/drivers/pm/pm_conf_clocks.o
 .debug_str     0x00000000      0x520 src/ASF/avr32/drivers/pm/pm_conf_clocks.o
 .comment       0x00000000       0x31 src/ASF/avr32/drivers/pm/pm_conf_clocks.o
 .text          0x00000000        0x0 src/ASF/avr32/drivers/pm/power_clocks_lib.o
 .data          0x00000000        0x0 src/ASF/avr32/drivers/pm/power_clocks_lib.o
 .bss           0x00000000        0x0 src/ASF/avr32/drivers/pm/power_clocks_lib.o
 .text.pcl_read_gplp
                0x00000000       0x14 src/ASF/avr32/drivers/pm/power_clocks_lib.o
 .text.pcl_write_gplp
                0x00000000       0x14 src/ASF/avr32/drivers/pm/power_clocks_lib.o
 .text.pcl_configure_usb_clock
                0x00000000        0xc src/ASF/avr32/drivers/pm/power_clocks_lib.o
 .text.pcl_configure_clocks
                0x00000000        0xc src/ASF/avr32/drivers/pm/power_clocks_lib.o
 .text          0x00000000        0x0 src/ASF/avr32/drivers/tc/tc.o
 .data          0x00000000        0x0 src/ASF/avr32/drivers/tc/tc.o
 .bss           0x00000000        0x0 src/ASF/avr32/drivers/tc/tc.o
 .text.tc_get_interrupt_settings
                0x00000000       0x12 src/ASF/avr32/drivers/tc/tc.o
 .text.tc_select_external_clock
                0x00000000       0x2e src/ASF/avr32/drivers/tc/tc.o
 .text.tc_init_capture
                0x00000000       0x58 src/ASF/avr32/drivers/tc/tc.o
 .text.tc_stop  0x00000000       0x12 src/ASF/avr32/drivers/tc/tc.o
 .text.tc_software_trigger
                0x00000000       0x12 src/ASF/avr32/drivers/tc/tc.o
 .text.tc_sync_trigger
                0x00000000        0x8 src/ASF/avr32/drivers/tc/tc.o
 .text.tc_sync_start
                0x00000000       0x12 src/ASF/avr32/drivers/tc/tc.o
 .text.tc_read_tc
                0x00000000       0x16 src/ASF/avr32/drivers/tc/tc.o
 .text.tc_read_ra
                0x00000000       0x16 src/ASF/avr32/drivers/tc/tc.o
 .text.tc_read_rb
                0x00000000       0x16 src/ASF/avr32/drivers/tc/tc.o
 .text.tc_read_rc
                0x00000000       0x16 src/ASF/avr32/drivers/tc/tc.o
 .text.tc_write_ra
                0x00000000       0x34 src/ASF/avr32/drivers/tc/tc.o
 .text.tc_write_rb
                0x00000000       0x34 src/ASF/avr32/drivers/tc/tc.o
 .text          0x00000000        0x0 src/ASF/avr32/drivers/usart/usart.o
 .data          0x00000000        0x0 src/ASF/avr32/drivers/usart/usart.o
 .bss           0x00000000        0x0 src/ASF/avr32/drivers/usart/usart.o
 .text.usart_set_sync_master_baudrate
                0x00000000       0x28 src/ASF/avr32/drivers/usart/usart.o
 .text.usart_spi_selectChip
                0x00000000        0x8 src/ASF/avr32/drivers/usart/usart.o
 .text.usart_spi_unselectChip
                0x00000000       0x1e src/ASF/avr32/drivers/usart/usart.o
 .text.usart_send_address
                0x00000000       0x34 src/ASF/avr32/drivers/usart/usart.o
 .text.usart_read_char
                0x00000000       0x22 src/ASF/avr32/drivers/usart/usart.o
 .text.usart_getchar
                0x00000000       0x2c src/ASF/avr32/drivers/usart/usart.o
 .text.usart_get_echo_line
                0x00000000       0x50 src/ASF/avr32/drivers/usart/usart.o
 .text.usart_init_spi_slave
                0x00000000       0x94 src/ASF/avr32/drivers/usart/usart.o
 .text.usart_init_spi_master
                0x00000000       0xb0 src/ASF/avr32/drivers/usart/usart.o
 .text.usart_init_lin_slave
                0x00000000       0x38 src/ASF/avr32/drivers/usart/usart.o
 .text.usart_init_lin_master
                0x00000000       0x38 src/ASF/avr32/drivers/usart/usart.o
 .text.usart_init_iso7816
                0x00000000       0xa4 src/ASF/avr32/drivers/usart/usart.o
 .text.usart_init_sync_slave
                0x00000000       0xc8 src/ASF/avr32/drivers/usart/usart.o
 .text.usart_init_sync_master
                0x00000000       0xdc src/ASF/avr32/drivers/usart/usart.o
 .text.usart_init_rs232_tx_only
                0x00000000       0xd4 src/ASF/avr32/drivers/usart/usart.o
 .text.usart_init_IrDA
                0x00000000       0x34 src/ASF/avr32/drivers/usart/usart.o
 .text.usart_init_rs485
                0x00000000       0x24 src/ASF/avr32/drivers/usart/usart.o
 .text.usart_init_modem
                0x00000000       0x24 src/ASF/avr32/drivers/usart/usart.o
 .text.usart_init_hw_handshaking
                0x00000000       0x24 src/ASF/avr32/drivers/usart/usart.o
 .rodata.str1.4
                0x00000000        0xc src/ASF/avr32/drivers/usart/usart.o
 .text          0x00000000        0x0 src/ASF/avr32/utils/debug/print_funcs.o
 .data          0x00000000        0x0 src/ASF/avr32/utils/debug/print_funcs.o
 .bss           0x00000000        0x0 src/ASF/avr32/utils/debug/print_funcs.o
 .text.print_char
                0x00000000        0xc src/ASF/avr32/utils/debug/print_funcs.o
 .text.print_dbg_char
                0x00000000       0x14 src/ASF/avr32/utils/debug/print_funcs.o
 .text.print_hex
                0x00000000       0x38 src/ASF/avr32/utils/debug/print_funcs.o
 .text.print_dbg_hex
                0x00000000       0x14 src/ASF/avr32/utils/debug/print_funcs.o
 .text.print_short_hex
                0x00000000       0x4c src/ASF/avr32/utils/debug/print_funcs.o
 .text.print_dbg_short_hex
                0x00000000       0x14 src/ASF/avr32/utils/debug/print_funcs.o
 .text.print_char_hex
                0x00000000       0x30 src/ASF/avr32/utils/debug/print_funcs.o
 .text.print_dbg_char_hex
                0x00000000       0x14 src/ASF/avr32/utils/debug/print_funcs.o
 .text.print_ulong
                0x00000000       0x48 src/ASF/avr32/utils/debug/print_funcs.o
 .text.print_dbg_ulong
                0x00000000       0x14 src/ASF/avr32/utils/debug/print_funcs.o
 .rodata.HEX_DIGITS
                0x00000000       0x10 src/ASF/avr32/utils/debug/print_funcs.o
 .text          0x00000000        0x0 src/ASF/avr32/utils/startup/startup_uc3.o
 .data          0x00000000        0x0 src/ASF/avr32/utils/startup/startup_uc3.o
 .bss           0x00000000        0x0 src/ASF/avr32/utils/startup/startup_uc3.o
 .text          0x00000000        0x0 src/ASF/avr32/utils/startup/trampoline_uc3.o
 .data          0x00000000        0x0 src/ASF/avr32/utils/startup/trampoline_uc3.o
 .bss           0x00000000        0x0 src/ASF/avr32/utils/startup/trampoline_uc3.o
 .text          0x00000000        0x0 src/ASF/common/services/clock/uc3a0_a1/sysclk.o
 .data          0x00000000        0x0 src/ASF/common/services/clock/uc3a0_a1/sysclk.o
 .bss           0x00000000        0x0 src/ASF/common/services/clock/uc3a0_a1/sysclk.o
 .text.sysclk_priv_disable_module
                0x00000000       0x3a src/ASF/common/services/clock/uc3a0_a1/sysclk.o
 .text.sysclk_disable_pbb_module
                0x00000000       0x44 src/ASF/common/services/clock/uc3a0_a1/sysclk.o
 .text.sysclk_priv_enable_module
                0x00000000       0x38 src/ASF/common/services/clock/uc3a0_a1/sysclk.o
 .text.sysclk_enable_pbb_module
                0x00000000       0x4c src/ASF/common/services/clock/uc3a0_a1/sysclk.o
 .bss.sysclk_pbb_refcount
                0x00000000        0x1 src/ASF/common/services/clock/uc3a0_a1/sysclk.o
 .text          0x00000000      0x148 c:/program files (x86)/atmel/studio/7.0/toolchain/avr32/avr32-gnu-toolchain/bin/../lib/gcc/avr32/4.4.7/../../../../avr32/lib/ucr2\libc.a(lib_a-memcpy.o)
 .data          0x00000000        0x0 c:/program files (x86)/atmel/studio/7.0/toolchain/avr32/avr32-gnu-toolchain/bin/../lib/gcc/avr32/4.4.7/../../../../avr32/lib/ucr2\libc.a(lib_a-memcpy.o)
 .bss           0x00000000        0x0 c:/program files (x86)/atmel/studio/7.0/toolchain/avr32/avr32-gnu-toolchain/bin/../lib/gcc/avr32/4.4.7/../../../../avr32/lib/ucr2\libc.a(lib_a-memcpy.o)

Memory Configuration

Name             Origin             Length             Attributes
FLASH            0x80000000         0x00080000         axrl !w
INTRAM           0x00000004         0x0000fffc         axw !rl
USERPAGE         0x80800000         0x00000200
*default*        0x00000000         0xffffffff

Linker script and memory map

                0x00001000                _stack_size = 0x1000
LOAD src/adc_example.o
LOAD src/ASF/avr32/boards/evk1100/led.o
LOAD src/ASF/avr32/drivers/adc/adc.o
LOAD src/ASF/avr32/drivers/flashc/flashc.o
LOAD src/ASF/avr32/drivers/gpio/gpio.o
LOAD src/ASF/avr32/drivers/intc/exception.o
LOAD src/ASF/avr32/drivers/intc/intc.o
LOAD src/ASF/avr32/drivers/pm/pm.o
LOAD src/ASF/avr32/drivers/pm/pm_conf_clocks.o
LOAD src/ASF/avr32/drivers/pm/power_clocks_lib.o
LOAD src/ASF/avr32/drivers/tc/tc.o
LOAD src/ASF/avr32/drivers/usart/usart.o
LOAD src/ASF/avr32/utils/debug/print_funcs.o
LOAD src/ASF/avr32/utils/startup/startup_uc3.o
LOAD src/ASF/avr32/utils/startup/trampoline_uc3.o
LOAD src/ASF/common/services/clock/uc3a0_a1/sysclk.o
START GROUP
LOAD c:/program files (x86)/atmel/studio/7.0/toolchain/avr32/avr32-gnu-toolchain/bin/../lib/gcc/avr32/4.4.7/../../../../avr32/lib/ucr2\libm.a
END GROUP
LOAD c:/program files (x86)/atmel/studio/7.0/toolchain/avr32/avr32-gnu-toolchain/bin/../lib/gcc/avr32/4.4.7/ucr2\libgcc.a
LOAD c:/program files (x86)/atmel/studio/7.0/toolchain/avr32/avr32-gnu-toolchain/bin/../lib/gcc/avr32/4.4.7/../../../../avr32/lib/ucr2\libc.a
LOAD c:/program files (x86)/atmel/studio/7.0/toolchain/avr32/avr32-gnu-toolchain/bin/../lib/gcc/avr32/4.4.7/ucr2\libgcc.a
                0xffffffff                __max_heap_size__ = 0xffffffff
                [0xffffffff]                __heap_size__ = DEFINED (__heap_size__)?__heap_size__:__max_heap_size__
                [0x00001000]                __stack_size__ = DEFINED (__stack_size__)?__stack_size__:0x1000
                0x80000000                PROVIDE (__executable_start, 0x80000000)
                0x80000000                . = 0x80000000

.interp
 *(.interp)

.reset          0x80000000     0x2008
 *(.reset)
 .reset         0x80000000        0x4 src/ASF/avr32/utils/startup/startup_uc3.o
                                  0x8 (size before relaxing)
                0x80000000                _start
 .reset         0x80000004     0x2004 src/ASF/avr32/utils/startup/trampoline_uc3.o
                               0x2008 (size before relaxing)
                0x80000004                _trampoline

.hash
 *(.hash)

.dynsym
 *(.dynsym)

.dynstr
 *(.dynstr)

.gnu.version
 *(.gnu.version)

.gnu.version_d
 *(.gnu.version_d)

.gnu.version_r
 *(.gnu.version_r)

.rel.init
 *(.rel.init)

.rela.init
 *(.rela.init)

.rel.text
 *(.rel.text .rel.text.* .rel.gnu.linkonce.t.*)

.rela.text
 *(.rela.text .rela.text.* .rela.gnu.linkonce.t.*)

.rel.fini
 *(.rel.fini)

.rela.fini
 *(.rela.fini)

.rel.rodata
 *(.rel.rodata .rel.rodata.* .rel.gnu.linkonce.r.*)

.rela.rodata
 *(.rela.rodata .rela.rodata.* .rela.gnu.linkonce.r.*)

.rel.data.rel.ro
 *(.rel.data.rel.ro*)

.rela.data.rel.ro
 *(.rel.data.rel.ro*)

.rel.data
 *(.rel.data .rel.data.* .rel.gnu.linkonce.d.*)

.rela.data
 *(.rela.data .rela.data.* .rela.gnu.linkonce.d.*)

.rel.tdata
 *(.rel.tdata .rel.tdata.* .rel.gnu.linkonce.td.*)

.rela.tdata
 *(.rela.tdata .rela.tdata.* .rela.gnu.linkonce.td.*)

.rel.tbss
 *(.rel.tbss .rel.tbss.* .rel.gnu.linkonce.tb.*)

.rela.tbss
 *(.rela.tbss .rela.tbss.* .rela.gnu.linkonce.tb.*)

.rel.ctors
 *(.rel.ctors)

.rela.ctors
 *(.rela.ctors)

.rel.dtors
 *(.rel.dtors)

.rela.dtors
 *(.rela.dtors)

.rel.got
 *(.rel.got)

.rela.got       0x80002008        0x0
 *(.rela.got)
 .rela.got      0x80002008        0x0 src/ASF/avr32/drivers/flashc/flashc.o

.rel.bss
 *(.rel.bss .rel.bss.* .rel.gnu.linkonce.b.*)

.rela.bss
 *(.rela.bss .rela.bss.* .rela.gnu.linkonce.b.*)

.rel.plt
 *(.rel.plt)

.rela.plt
 *(.rela.plt)

.init
 *(.init)

.plt
 *(.plt)

.text           0x80002008      0x9d4
 *(.text .stub .text.* .gnu.linkonce.t.*)
 .text.main     0x80002008      0x180 src/adc_example.o
                0x80002008                main
 .text.tc_irq   0x80002188       0x24 src/adc_example.o
 .text.adc_configure
                0x800021ac       0x12 src/ASF/avr32/drivers/adc/adc.o
                0x800021ac                adc_configure
 .text.adc_start
                0x800021be        0x6 src/ASF/avr32/drivers/adc/adc.o
                0x800021be                adc_start
 .text.adc_enable
                0x800021c4        0xa src/ASF/avr32/drivers/adc/adc.o
                0x800021c4                adc_enable
 .text.adc_check_eoc
                0x800021ce       0x10 src/ASF/avr32/drivers/adc/adc.o
                0x800021ce                adc_check_eoc
 *fill*         0x800021de        0x2 d703d703
 .text.adc_get_value
                0x800021e0       0x28 src/ASF/avr32/drivers/adc/adc.o
                0x800021e0                adc_get_value
 .text.flashc_set_wait_state
                0x80002208        0xe src/ASF/avr32/drivers/flashc/flashc.o
                0x80002208                flashc_set_wait_state
 *fill*         0x80002216        0x2 d703d703
 .text.flashc_set_bus_freq
                0x80002218       0x24 src/ASF/avr32/drivers/flashc/flashc.o
                0x80002218                flashc_set_bus_freq
 .text.gpio_enable_module_pin
                0x8000223c       0x52 src/ASF/avr32/drivers/gpio/gpio.o
                0x8000223c                gpio_enable_module_pin
 *fill*         0x8000228e        0x2 d703d703
 .text.gpio_enable_module
                0x80002290       0x30 src/ASF/avr32/drivers/gpio/gpio.o
                0x80002290                gpio_enable_module
 .text.gpio_set_gpio_pin
                0x800022c0       0x1c src/ASF/avr32/drivers/gpio/gpio.o
                0x800022c0                gpio_set_gpio_pin
 .text.gpio_clr_gpio_pin
                0x800022dc       0x1c src/ASF/avr32/drivers/gpio/gpio.o
                0x800022dc                gpio_clr_gpio_pin
 .text.gpio_tgl_gpio_pin
                0x800022f8       0x1c src/ASF/avr32/drivers/gpio/gpio.o
                0x800022f8                gpio_tgl_gpio_pin
 .text.gpio_enable_pin_glitch_filter
                0x80002314       0x16 src/ASF/avr32/drivers/gpio/gpio.o
                0x80002314                gpio_enable_pin_glitch_filter
 .text._unhandled_interrupt
                0x8000232a        0x2 src/ASF/avr32/drivers/intc/intc.o
 .text.INTC_register_interrupt
                0x8000232c       0x80 src/ASF/avr32/drivers/intc/intc.o
                0x8000232c                INTC_register_interrupt
 .text.INTC_init_interrupts
                0x800023ac       0x54 src/ASF/avr32/drivers/intc/intc.o
                0x800023ac                INTC_init_interrupts
 .text._get_interrupt_handler
                0x80002400       0x38 src/ASF/avr32/drivers/intc/intc.o
                0x80002400                _get_interrupt_handler
 .text.pm_set_osc0_mode
                0x80002438        0xa src/ASF/avr32/drivers/pm/pm.o
 *fill*         0x80002442        0x2 d703d703
 .text.pm_enable_osc0_crystal
                0x80002444       0x3c src/ASF/avr32/drivers/pm/pm.o
                0x80002444                pm_enable_osc0_crystal
 .text.pm_enable_clk0_no_wait
                0x80002480       0x10 src/ASF/avr32/drivers/pm/pm.o
                0x80002480                pm_enable_clk0_no_wait
 .text.pm_wait_for_clk0_ready
                0x80002490        0xa src/ASF/avr32/drivers/pm/pm.o
                0x80002490                pm_wait_for_clk0_ready
 *fill*         0x8000249a        0x2 d703d703
 .text.pm_enable_clk0
                0x8000249c       0x1c src/ASF/avr32/drivers/pm/pm.o
                0x8000249c                pm_enable_clk0
 .text.pm_switch_to_clock
                0x800024b8        0xa src/ASF/avr32/drivers/pm/pm.o
                0x800024b8                pm_switch_to_clock
 *fill*         0x800024c2        0x2 d703d703
 .text.pm_switch_to_osc0
                0x800024c4       0x2c src/ASF/avr32/drivers/pm/pm.o
                0x800024c4                pm_switch_to_osc0
 .text.pcl_switch_to_osc
                0x800024f0       0x1c src/ASF/avr32/drivers/pm/power_clocks_lib.o
                0x800024f0                pcl_switch_to_osc
 .text.tc_init_waveform
                0x8000250c       0x9c src/ASF/avr32/drivers/tc/tc.o
                0x8000250c                tc_init_waveform
 .text.tc_start
                0x800025a8       0x12 src/ASF/avr32/drivers/tc/tc.o
                0x800025a8                tc_start
 .text.tc_read_sr
                0x800025ba       0x12 src/ASF/avr32/drivers/tc/tc.o
                0x800025ba                tc_read_sr
 .text.tc_write_rc
                0x800025cc       0x34 src/ASF/avr32/drivers/tc/tc.o
                0x800025cc                tc_write_rc
 .text.tc_configure_interrupts
                0x80002600      0x108 src/ASF/avr32/drivers/tc/tc.o
                0x80002600                tc_configure_interrupts
 .text.usart_set_async_baudrate
                0x80002708       0x5a src/ASF/avr32/drivers/usart/usart.o
 .text.usart_write_char
                0x80002762       0x14 src/ASF/avr32/drivers/usart/usart.o
                0x80002762                usart_write_char
 *fill*         0x80002776        0x2 d703d703
 .text.usart_putchar
                0x80002778       0x2c src/ASF/avr32/drivers/usart/usart.o
                0x80002778                usart_putchar
 .text.usart_write_line
                0x800027a4       0x24 src/ASF/avr32/drivers/usart/usart.o
                0x800027a4                usart_write_line
 .text.usart_reset
                0x800027c8       0x2c src/ASF/avr32/drivers/usart/usart.o
                0x800027c8                usart_reset
 .text.usart_init_rs232
                0x800027f4       0xcc src/ASF/avr32/drivers/usart/usart.o
                0x800027f4                usart_init_rs232
 .text.print    0x800028c0        0xc src/ASF/avr32/utils/debug/print_funcs.o
                0x800028c0                print
 .text.print_dbg
                0x800028cc       0x14 src/ASF/avr32/utils/debug/print_funcs.o
                0x800028cc                print_dbg
 .text.init_dbg_rs232_ex
                0x800028e0       0x40 src/ASF/avr32/utils/debug/print_funcs.o
                0x800028e0                init_dbg_rs232_ex
 .text.init_dbg_rs232
                0x80002920       0x14 src/ASF/avr32/utils/debug/print_funcs.o
                0x80002920                init_dbg_rs232
 .text._stext   0x80002934       0x3c src/ASF/avr32/utils/startup/startup_uc3.o
                                 0x50 (size before relaxing)
                0x80002934                _stext
 .text.sysclk_init
                0x80002970       0x6c src/ASF/common/services/clock/uc3a0_a1/sysclk.o
                0x80002970                sysclk_init
 *(.text.*personality*)
 *(.gnu.warning)

.exception      0x80002a00      0x200
 .exception     0x80002a00      0x200 src/ASF/avr32/drivers/intc/exception.o
                0x80002a00                _evba
                0x80002b04                _int0
                0x80002b12                _int1
                0x80002b20                _int2
                0x80002b2e                _int3

.fini
 *(.fini)
                0x80002c00                PROVIDE (__etext, .)
                0x80002c00                PROVIDE (_etext, .)
                0x80002c00                PROVIDE (etext, .)

.rodata         0x80002c00       0xe4
 *(.rodata .rodata.* .gnu.linkonce.r.*)
 .rodata.TC_INTERRUPT.11970
                0x80002c00        0x4 src/adc_example.o
 .rodata.ADC_GPIO_MAP
                0x80002c04       0x10 src/adc_example.o
                0x80002c04                ADC_GPIO_MAP
 .rodata.str1.4
                0x80002c14       0x18 src/adc_example.o
 .rodata.WAVEFORM_OPT.11969
                0x80002c2c        0x8 src/adc_example.o
 .rodata._int_handler_table
                0x80002c34       0xa0 src/ASF/avr32/drivers/intc/intc.o
 .rodata.DBG_USART_GPIO_MAP.10878
                0x80002cd4       0x10 src/ASF/avr32/utils/debug/print_funcs.o

.rodata1
 *(.rodata1)

.eh_frame_hdr
 *(.eh_frame_hdr)

.eh_frame
 *(.eh_frame)

.gcc_except_table
 *(.gcc_except_table)
 *(.gcc_except_table.*)

.lalign         0x80002ce4        0x4
                0x80002ce8                . = ALIGN (0x8)
 *fill*         0x80002ce4        0x4 
                0x80002ce8                PROVIDE (_data_lma, .)
                0x00000004                . = ORIGIN (INTRAM)

.dalign         0x00000004        0x4
                0x00000008                . = ALIGN (0x8)
 *fill*         0x00000004        0x4 
                0x00000008                PROVIDE (_data, .)

.eh_frame
 *(.eh_frame)

.gcc_except_table
 *(.gcc_except_table)
 *(.gcc_except_table.*)

.tdata
 *(.tdata .tdata.* .gnu.linkonce.td.*)

.tbss
 *(.tbss .tbss.* .gnu.linkonce.tb.*)
 *(.tcommon)
                0x00000008                PROVIDE (__preinit_array_start, ALIGN (0x4))

.preinit_array
 *(.preinit_array)
                0x00000008                PROVIDE (__preinit_array_end, .)
                0x00000008                PROVIDE (__init_array_start, .)

.init_array
 *(.init_array)
                0x00000008                PROVIDE (__init_array_end, .)
                0x00000008                PROVIDE (__fini_array_start, .)

.fini_array
 *(.fini_array)
                0x00000008                PROVIDE (__fini_array_end, .)

.ctors
 *crtbegin*.o(.ctors)
 *(EXCLUDE_FILE(*crtend*.o) .ctors)
 *(SORT(.ctors.*))
 *(.ctors)

.dtors
 *crtbegin*.o(.dtors)
 *(EXCLUDE_FILE(*crtend*.o) .dtors)
 *(SORT(.dtors.*))
 *(.dtors)

.jcr
 *(.jcr)

.data.rel.ro
 *(.data.rel.ro.local)
 *(.data.rel.ro*)

.dynamic
 *(.dynamic)

.got
 *(.got.plt)
 *(.got)

.ramtext
 *(.ramtext .ramtext.*)

.ddalign        0x00000008        0x0 load address 0x80002ce8
                0x00000008                . = ALIGN (0x8)

.data
 *(.data .data.* .gnu.linkonce.d.*)
 *(.gnu.linkonce.d.*personality*)

.data1
 *(.data1)

.balign         0x00000008        0x0 load address 0x80002ce8
                0x00000008                . = ALIGN (0x8)
                0x00000008                PROVIDE (_edata, .)
                0x00000008                PROVIDE (edata, .)
                0x00000008                __bss_start = .

.bss            0x00000008       0xf0
 *(.dynbss)
 *(.bss .bss.* .gnu.linkonce.b.*)
 .bss._int_line_handler_table_6
                0x00000008        0x4 src/ASF/avr32/drivers/intc/intc.o
 .bss._int_line_handler_table_7
                0x0000000c        0x4 src/ASF/avr32/drivers/intc/intc.o
 .bss._int_line_handler_table_8
                0x00000010        0x4 src/ASF/avr32/drivers/intc/intc.o
 .bss._int_line_handler_table_9
                0x00000014        0x4 src/ASF/avr32/drivers/intc/intc.o
 .bss._int_line_handler_table_10
                0x00000018        0x4 src/ASF/avr32/drivers/intc/intc.o
 .bss._int_line_handler_table_11
                0x0000001c        0x4 src/ASF/avr32/drivers/intc/intc.o
 .bss._int_line_handler_table_12
                0x00000020        0x4 src/ASF/avr32/drivers/intc/intc.o
 .bss._int_line_handler_table_13
                0x00000024        0x4 src/ASF/avr32/drivers/intc/intc.o
 .bss._int_line_handler_table_14
                0x00000028        0xc src/ASF/avr32/drivers/intc/intc.o
 .bss._int_line_handler_table_15
                0x00000034        0x4 src/ASF/avr32/drivers/intc/intc.o
 .bss._int_line_handler_table_16
                0x00000038        0x4 src/ASF/avr32/drivers/intc/intc.o
 .bss._int_line_handler_table_17
                0x0000003c        0x4 src/ASF/avr32/drivers/intc/intc.o
 .bss._int_line_handler_table_18
                0x00000040        0x4 src/ASF/avr32/drivers/intc/intc.o
 .bss._int_line_handler_table_19
                0x00000044        0x4 src/ASF/avr32/drivers/intc/intc.o
 .bss._int_line_handler_table_0
                0x00000048        0x4 src/ASF/avr32/drivers/intc/intc.o
 .bss._int_line_handler_table_1
                0x0000004c       0x2c src/ASF/avr32/drivers/intc/intc.o
 .bss._int_line_handler_table_2
                0x00000078       0x38 src/ASF/avr32/drivers/intc/intc.o
 .bss._int_line_handler_table_3
                0x000000b0       0x3c src/ASF/avr32/drivers/intc/intc.o
 .bss._int_line_handler_table_4
                0x000000ec        0x4 src/ASF/avr32/drivers/intc/intc.o
 .bss._int_line_handler_table_5
                0x000000f0        0x4 src/ASF/avr32/drivers/intc/intc.o
 *(COMMON)
 COMMON         0x000000f4        0x4 src/adc_example.o
                0x000000f4                char_sent
                0x000000f8                . = ALIGN (0x8)
                0x000000f8                . = ALIGN (0x8)
                0x000000f8                _end = .
                0x000000f8                PROVIDE (end, .)
                0x000000f8                __heap_start__ = ALIGN (0x8)

.heap           0x000000f8     0xef08
 *(.heap)
                0x0000ef08                . = (__heap_size__ == __max_heap_size__)?(((ORIGIN (INTRAM) + 0xfffc) - __stack_size__) - ABSOLUTE (.)):__heap_size__
 *fill*         0x000000f8     0xef08 
                0x0000f000                __heap_end__ = .

.stab
 *(.stab)

.stabstr
 *(.stabstr)

.stab.excl
 *(.stab.excl)

.stab.exclstr
 *(.stab.exclstr)

.stab.index
 *(.stab.index)

.stab.indexstr
 *(.stab.indexstr)

.comment        0x00000000       0x30
 *(.comment)
 .comment       0x00000000       0x30 src/adc_example.o
                                 0x31 (size before relaxing)
 .comment       0x00000000       0x31 src/ASF/avr32/drivers/adc/adc.o
 .comment       0x00000000       0x31 src/ASF/avr32/drivers/flashc/flashc.o
 .comment       0x00000000       0x31 src/ASF/avr32/drivers/gpio/gpio.o
 .comment       0x00000000       0x31 src/ASF/avr32/drivers/intc/intc.o
 .comment       0x00000000       0x31 src/ASF/avr32/drivers/pm/pm.o
 .comment       0x00000000       0x31 src/ASF/avr32/drivers/pm/power_clocks_lib.o
 .comment       0x00000000       0x31 src/ASF/avr32/drivers/tc/tc.o
 .comment       0x00000000       0x31 src/ASF/avr32/drivers/usart/usart.o
 .comment       0x00000000       0x31 src/ASF/avr32/utils/debug/print_funcs.o
 .comment       0x00000000       0x31 src/ASF/common/services/clock/uc3a0_a1/sysclk.o

.debug
 *(.debug)

.line
 *(.line)

.debug_srcinfo
 *(.debug_srcinfo)

.debug_sfnames
 *(.debug_sfnames)

.debug_aranges  0x00000000      0x860
 *(.debug_aranges)
 .debug_aranges
                0x00000000       0x28 src/adc_example.o
 .debug_aranges
                0x00000028       0x60 src/ASF/avr32/drivers/adc/adc.o
 .debug_aranges
                0x00000088      0x218 src/ASF/avr32/drivers/flashc/flashc.o
 .debug_aranges
                0x000002a0      0x100 src/ASF/avr32/drivers/gpio/gpio.o
 .debug_aranges
                0x000003a0       0x20 src/ASF/avr32/drivers/intc/exception.o
 .debug_aranges
                0x000003c0       0x38 src/ASF/avr32/drivers/intc/intc.o
 .debug_aranges
                0x000003f8      0x190 src/ASF/avr32/drivers/pm/pm.o
 .debug_aranges
                0x00000588       0x40 src/ASF/avr32/drivers/pm/power_clocks_lib.o
 .debug_aranges
                0x000005c8       0xa8 src/ASF/avr32/drivers/tc/tc.o
 .debug_aranges
                0x00000670       0xe0 src/ASF/avr32/drivers/usart/usart.o
 .debug_aranges
                0x00000750       0x88 src/ASF/avr32/utils/debug/print_funcs.o
 .debug_aranges
                0x000007d8       0x28 src/ASF/avr32/utils/startup/startup_uc3.o
 .debug_aranges
                0x00000800       0x20 src/ASF/avr32/utils/startup/trampoline_uc3.o
 .debug_aranges
                0x00000820       0x40 src/ASF/common/services/clock/uc3a0_a1/sysclk.o

.debug_pubnames
                0x00000000     0x1594
 *(.debug_pubnames)
 .debug_pubnames
                0x00000000       0x3a src/adc_example.o
 .debug_pubnames
                0x0000003a       0xb3 src/ASF/avr32/drivers/adc/adc.o
 .debug_pubnames
                0x000000ed      0x771 src/ASF/avr32/drivers/flashc/flashc.o
 .debug_pubnames
                0x0000085e      0x330 src/ASF/avr32/drivers/gpio/gpio.o
 .debug_pubnames
                0x00000b8e       0x62 src/ASF/avr32/drivers/intc/intc.o
 .debug_pubnames
                0x00000bf0      0x3ee src/ASF/avr32/drivers/pm/pm.o
 .debug_pubnames
                0x00000fde       0x82 src/ASF/avr32/drivers/pm/power_clocks_lib.o
 .debug_pubnames
                0x00001060      0x164 src/ASF/avr32/drivers/tc/tc.o
 .debug_pubnames
                0x000011c4      0x227 src/ASF/avr32/drivers/usart/usart.o
 .debug_pubnames
                0x000013eb      0x10f src/ASF/avr32/utils/debug/print_funcs.o
 .debug_pubnames
                0x000014fa       0x9a src/ASF/common/services/clock/uc3a0_a1/sysclk.o

.debug_info     0x00000000     0xef39
 *(.debug_info .gnu.linkonce.wi.*)
 .debug_info    0x00000000     0x2d32 src/adc_example.o
 .debug_info    0x00002d32     0x1095 src/ASF/avr32/drivers/adc/adc.o
 .debug_info    0x00003dc7     0x1c74 src/ASF/avr32/drivers/flashc/flashc.o
 .debug_info    0x00005a3b      0xb1b src/ASF/avr32/drivers/gpio/gpio.o
 .debug_info    0x00006556       0x89 src/ASF/avr32/drivers/intc/exception.o
 .debug_info    0x000065df      0x5b3 src/ASF/avr32/drivers/intc/intc.o
 .debug_info    0x00006b92     0x1a59 src/ASF/avr32/drivers/pm/pm.o
 .debug_info    0x000085eb      0xf89 src/ASF/avr32/drivers/pm/power_clocks_lib.o
 .debug_info    0x00009574     0x1183 src/ASF/avr32/drivers/tc/tc.o
 .debug_info    0x0000a6f7     0x1dcf src/ASF/avr32/drivers/usart/usart.o
 .debug_info    0x0000c4c6     0x1681 src/ASF/avr32/utils/debug/print_funcs.o
 .debug_info    0x0000db47       0x88 src/ASF/avr32/utils/startup/startup_uc3.o
 .debug_info    0x0000dbcf       0x8f src/ASF/avr32/utils/startup/trampoline_uc3.o
 .debug_info    0x0000dc5e     0x12db src/ASF/common/services/clock/uc3a0_a1/sysclk.o

.debug_abbrev   0x00000000     0x19e1
 *(.debug_abbrev)
 .debug_abbrev  0x00000000      0x22f src/adc_example.o
 .debug_abbrev  0x0000022f      0x193 src/ASF/avr32/drivers/adc/adc.o
 .debug_abbrev  0x000003c2      0x331 src/ASF/avr32/drivers/flashc/flashc.o
 .debug_abbrev  0x000006f3      0x28b src/ASF/avr32/drivers/gpio/gpio.o
 .debug_abbrev  0x0000097e       0x14 src/ASF/avr32/drivers/intc/exception.o
 .debug_abbrev  0x00000992      0x1f2 src/ASF/avr32/drivers/intc/intc.o
 .debug_abbrev  0x00000b84      0x2d1 src/ASF/avr32/drivers/pm/pm.o
 .debug_abbrev  0x00000e55      0x1cd src/ASF/avr32/drivers/pm/power_clocks_lib.o
 .debug_abbrev  0x00001022      0x25c src/ASF/avr32/drivers/tc/tc.o
 .debug_abbrev  0x0000127e      0x32d src/ASF/avr32/drivers/usart/usart.o
 .debug_abbrev  0x000015ab      0x19b src/ASF/avr32/utils/debug/print_funcs.o
 .debug_abbrev  0x00001746       0x12 src/ASF/avr32/utils/startup/startup_uc3.o
 .debug_abbrev  0x00001758       0x14 src/ASF/avr32/utils/startup/trampoline_uc3.o
 .debug_abbrev  0x0000176c      0x275 src/ASF/common/services/clock/uc3a0_a1/sysclk.o

.debug_line     0x00000000     0x6045
 *(.debug_line)
 .debug_line    0x00000000      0x9bf src/adc_example.o
 .debug_line    0x000009bf      0x6ed src/ASF/avr32/drivers/adc/adc.o
 .debug_line    0x000010ac      0xbde src/ASF/avr32/drivers/flashc/flashc.o
 .debug_line    0x00001c8a      0x8c7 src/ASF/avr32/drivers/gpio/gpio.o
 .debug_line    0x00002551      0x109 src/ASF/avr32/drivers/intc/exception.o
 .debug_line    0x0000265a      0x695 src/ASF/avr32/drivers/intc/intc.o
 .debug_line    0x00002cef      0x9ca src/ASF/avr32/drivers/pm/pm.o
 .debug_line    0x000036b9      0x6c6 src/ASF/avr32/drivers/pm/power_clocks_lib.o
 .debug_line    0x00003d7f      0x7ba src/ASF/avr32/drivers/tc/tc.o
 .debug_line    0x00004539      0x919 src/ASF/avr32/drivers/usart/usart.o
 .debug_line    0x00004e52      0x819 src/ASF/avr32/utils/debug/print_funcs.o
 .debug_line    0x0000566b       0xf2 src/ASF/avr32/utils/startup/startup_uc3.o
 .debug_line    0x0000575d       0x67 src/ASF/avr32/utils/startup/trampoline_uc3.o
 .debug_line    0x000057c4      0x881 src/ASF/common/services/clock/uc3a0_a1/sysclk.o

.debug_frame    0x00000000     0x1438
 *(.debug_frame)
 .debug_frame   0x00000000       0x58 src/adc_example.o
 .debug_frame   0x00000058       0xbc src/ASF/avr32/drivers/adc/adc.o
 .debug_frame   0x00000114      0x6a4 src/ASF/avr32/drivers/flashc/flashc.o
 .debug_frame   0x000007b8      0x204 src/ASF/avr32/drivers/gpio/gpio.o
 .debug_frame   0x000009bc       0x64 src/ASF/avr32/drivers/intc/intc.o
 .debug_frame   0x00000a20      0x390 src/ASF/avr32/drivers/pm/pm.o
 .debug_frame   0x00000db0       0x88 src/ASF/avr32/drivers/pm/power_clocks_lib.o
 .debug_frame   0x00000e38      0x148 src/ASF/avr32/drivers/tc/tc.o
 .debug_frame   0x00000f80      0x2ac src/ASF/avr32/drivers/usart/usart.o
 .debug_frame   0x0000122c      0x17c src/ASF/avr32/utils/debug/print_funcs.o
 .debug_frame   0x000013a8       0x90 src/ASF/common/services/clock/uc3a0_a1/sysclk.o

.debug_str      0x00000000     0x2c8d
 *(.debug_str)
 .debug_str     0x00000000      0x992 src/adc_example.o
                                0xa33 (size before relaxing)
 .debug_str     0x00000992       0xa9 src/ASF/avr32/drivers/adc/adc.o
                                0x429 (size before relaxing)
 .debug_str     0x00000a3b      0xa92 src/ASF/avr32/drivers/flashc/flashc.o
                                0xc37 (size before relaxing)
 .debug_str     0x000014cd      0x40e src/ASF/avr32/drivers/gpio/gpio.o
                                0x525 (size before relaxing)
 .debug_str     0x000018db      0x37d src/ASF/avr32/drivers/intc/intc.o
                                0x479 (size before relaxing)
 .debug_str     0x00001c58      0x7a7 src/ASF/avr32/drivers/pm/pm.o
                                0x991 (size before relaxing)
 .debug_str     0x000023ff       0xd4 src/ASF/avr32/drivers/pm/power_clocks_lib.o
                                0x52d (size before relaxing)
 .debug_str     0x000024d3      0x14c src/ASF/avr32/drivers/tc/tc.o
                                0x4c6 (size before relaxing)
 .debug_str     0x0000261f      0x3e1 src/ASF/avr32/drivers/usart/usart.o
                                0x8f8 (size before relaxing)
 .debug_str     0x00002a00      0x120 src/ASF/avr32/utils/debug/print_funcs.o
                                0x637 (size before relaxing)
 .debug_str     0x00002b20      0x16d src/ASF/common/services/clock/uc3a0_a1/sysclk.o
                                0x5f4 (size before relaxing)

.debug_loc      0x00000000     0x30e4
 *(.debug_loc)
 .debug_loc     0x00000000       0x3e src/adc_example.o
 .debug_loc     0x0000003e      0x115 src/ASF/avr32/drivers/adc/adc.o
 .debug_loc     0x00000153     0x10f4 src/ASF/avr32/drivers/flashc/flashc.o
 .debug_loc     0x00001247      0x368 src/ASF/avr32/drivers/gpio/gpio.o
 .debug_loc     0x000015af       0xd3 src/ASF/avr32/drivers/intc/intc.o
 .debug_loc     0x00001682      0x559 src/ASF/avr32/drivers/pm/pm.o
 .debug_loc     0x00001bdb      0x12b src/ASF/avr32/drivers/pm/power_clocks_lib.o
 .debug_loc     0x00001d06      0x3ff src/ASF/avr32/drivers/tc/tc.o
 .debug_loc     0x00002105      0x9c5 src/ASF/avr32/drivers/usart/usart.o
 .debug_loc     0x00002aca      0x3bc src/ASF/avr32/utils/debug/print_funcs.o
 .debug_loc     0x00002e86      0x25e src/ASF/common/services/clock/uc3a0_a1/sysclk.o

.debug_macinfo  0x00000000   0xa31ec4
 *(.debug_macinfo)
 .debug_macinfo
                0x00000000    0xf118b src/adc_example.o
 .debug_macinfo
                0x000f118b    0xec21e src/ASF/avr32/drivers/adc/adc.o
 .debug_macinfo
                0x001dd3a9    0xec330 src/ASF/avr32/drivers/flashc/flashc.o
 .debug_macinfo
                0x002c96d9    0xec40e src/ASF/avr32/drivers/gpio/gpio.o
 .debug_macinfo
                0x003b5ae7    0xec4bb src/ASF/avr32/drivers/intc/intc.o
 .debug_macinfo
                0x004a1fa2    0xec278 src/ASF/avr32/drivers/pm/pm.o
 .debug_macinfo
                0x0058e21a    0xec359 src/ASF/avr32/drivers/pm/power_clocks_lib.o
 .debug_macinfo
                0x0067a573    0xecaf3 src/ASF/avr32/drivers/tc/tc.o
 .debug_macinfo
                0x00767066    0xec621 src/ASF/avr32/drivers/usart/usart.o
 .debug_macinfo
                0x00853687    0xef043 src/ASF/avr32/utils/debug/print_funcs.o
 .debug_macinfo
                0x009426ca    0xef7fa src/ASF/common/services/clock/uc3a0_a1/sysclk.o

.debug_weaknames
 *(.debug_weaknames)

.debug_funcnames
 *(.debug_funcnames)

.debug_typenames
 *(.debug_typenames)

.debug_varnames
 *(.debug_varnames)

.stack          0x0000f000     0x1000
                0x0000f000                _stack = .
 *(.stack)
                0x00001000                . = __stack_size__
 *fill*         0x0000f000     0x1000 
                0x00010000                _estack = .

.userpage
 *(.userpage .userpage.*)

/DISCARD/
 *(.note.GNU-stack)
OUTPUT(ADC_EXAMPLE1.elf elf32-avr32)

.debug_ranges   0x00000000      0x7f0
 .debug_ranges  0x00000000       0x38 src/adc_example.o
 .debug_ranges  0x00000038       0x58 src/ASF/avr32/drivers/adc/adc.o
 .debug_ranges  0x00000090      0x210 src/ASF/avr32/drivers/flashc/flashc.o
 .debug_ranges  0x000002a0       0xf8 src/ASF/avr32/drivers/gpio/gpio.o
 .debug_ranges  0x00000398       0x48 src/ASF/avr32/drivers/intc/intc.o
 .debug_ranges  0x000003e0      0x188 src/ASF/avr32/drivers/pm/pm.o
 .debug_ranges  0x00000568       0x38 src/ASF/avr32/drivers/pm/power_clocks_lib.o
 .debug_ranges  0x000005a0       0xa0 src/ASF/avr32/drivers/tc/tc.o
 .debug_ranges  0x00000640       0xd8 src/ASF/avr32/drivers/usart/usart.o
 .debug_ranges  0x00000718       0x80 src/ASF/avr32/utils/debug/print_funcs.o
 .debug_ranges  0x00000798       0x20 src/ASF/avr32/utils/startup/startup_uc3.o
 .debug_ranges  0x000007b8       0x38 src/ASF/common/services/clock/uc3a0_a1/sysclk.o
