Archive member included because of file (symbol)

c:/program files (x86)/atmel/studio/7.0/toolchain/avr32/avr32-gnu-toolchain/bin/../lib/gcc/avr32/4.4.7/../../../../avr32/lib/ucr2\libc.a(lib_a-memcpy.o)
                              src/ASF/avr32/drivers/flashc/flashc.o (memcpy)
c:/program files (x86)/atmel/studio/7.0/toolchain/avr32/avr32-gnu-toolchain/bin/../lib/gcc/avr32/4.4.7/../../../../avr32/lib/ucr2\libc.a(lib_a-vsprintf.o)
                              src/ASF/avr32/components/display/dip204/dip204.o (vsprintf)
c:/program files (x86)/atmel/studio/7.0/toolchain/avr32/avr32-gnu-toolchain/bin/../lib/gcc/avr32/4.4.7/../../../../avr32/lib/ucr2\libc.a(lib_a-impure.o)
                              c:/program files (x86)/atmel/studio/7.0/toolchain/avr32/avr32-gnu-toolchain/bin/../lib/gcc/avr32/4.4.7/../../../../avr32/lib/ucr2\libc.a(lib_a-vsprintf.o) (_impure_ptr)
c:/program files (x86)/atmel/studio/7.0/toolchain/avr32/avr32-gnu-toolchain/bin/../lib/gcc/avr32/4.4.7/../../../../avr32/lib/ucr2\libc.a(lib_a-vfprintf.o)
                              c:/program files (x86)/atmel/studio/7.0/toolchain/avr32/avr32-gnu-toolchain/bin/../lib/gcc/avr32/4.4.7/../../../../avr32/lib/ucr2\libc.a(lib_a-vsprintf.o) (_vfprintf_r)
c:/program files (x86)/atmel/studio/7.0/toolchain/avr32/avr32-gnu-toolchain/bin/../lib/gcc/avr32/4.4.7/../../../../avr32/lib/ucr2\libc.a(lib_a-wsetup.o)
                              c:/program files (x86)/atmel/studio/7.0/toolchain/avr32/avr32-gnu-toolchain/bin/../lib/gcc/avr32/4.4.7/../../../../avr32/lib/ucr2\libc.a(lib_a-vfprintf.o) (__swsetup_r)
c:/program files (x86)/atmel/studio/7.0/toolchain/avr32/avr32-gnu-toolchain/bin/../lib/gcc/avr32/4.4.7/../../../../avr32/lib/ucr2\libc.a(lib_a-dtoa.o)
                              c:/program files (x86)/atmel/studio/7.0/toolchain/avr32/avr32-gnu-toolchain/bin/../lib/gcc/avr32/4.4.7/../../../../avr32/lib/ucr2\libc.a(lib_a-vfprintf.o) (_dtoa_r)
c:/program files (x86)/atmel/studio/7.0/toolchain/avr32/avr32-gnu-toolchain/bin/../lib/gcc/avr32/4.4.7/../../../../avr32/lib/ucr2\libc.a(lib_a-fflush.o)
                              c:/program files (x86)/atmel/studio/7.0/toolchain/avr32/avr32-gnu-toolchain/bin/../lib/gcc/avr32/4.4.7/../../../../avr32/lib/ucr2\libc.a(lib_a-vfprintf.o) (_fflush_r)
c:/program files (x86)/atmel/studio/7.0/toolchain/avr32/avr32-gnu-toolchain/bin/../lib/gcc/avr32/4.4.7/../../../../avr32/lib/ucr2\libc.a(lib_a-findfp.o)
                              c:/program files (x86)/atmel/studio/7.0/toolchain/avr32/avr32-gnu-toolchain/bin/../lib/gcc/avr32/4.4.7/../../../../avr32/lib/ucr2\libc.a(lib_a-vfprintf.o) (__sinit)
c:/program files (x86)/atmel/studio/7.0/toolchain/avr32/avr32-gnu-toolchain/bin/../lib/gcc/avr32/4.4.7/../../../../avr32/lib/ucr2\libc.a(lib_a-freer.o)
                              c:/program files (x86)/atmel/studio/7.0/toolchain/avr32/avr32-gnu-toolchain/bin/../lib/gcc/avr32/4.4.7/../../../../avr32/lib/ucr2\libc.a(lib_a-wsetup.o) (_free_r)
c:/program files (x86)/atmel/studio/7.0/toolchain/avr32/avr32-gnu-toolchain/bin/../lib/gcc/avr32/4.4.7/../../../../avr32/lib/ucr2\libc.a(lib_a-fvwrite.o)
                              c:/program files (x86)/atmel/studio/7.0/toolchain/avr32/avr32-gnu-toolchain/bin/../lib/gcc/avr32/4.4.7/../../../../avr32/lib/ucr2\libc.a(lib_a-vfprintf.o) (__sfvwrite_r)
c:/program files (x86)/atmel/studio/7.0/toolchain/avr32/avr32-gnu-toolchain/bin/../lib/gcc/avr32/4.4.7/../../../../avr32/lib/ucr2\libc.a(lib_a-fwalk.o)
                              c:/program files (x86)/atmel/studio/7.0/toolchain/avr32/avr32-gnu-toolchain/bin/../lib/gcc/avr32/4.4.7/../../../../avr32/lib/ucr2\libc.a(lib_a-fflush.o) (_fwalk_reent)
c:/program files (x86)/atmel/studio/7.0/toolchain/avr32/avr32-gnu-toolchain/bin/../lib/gcc/avr32/4.4.7/../../../../avr32/lib/ucr2\libc.a(lib_a-locale.o)
                              c:/program files (x86)/atmel/studio/7.0/toolchain/avr32/avr32-gnu-toolchain/bin/../lib/gcc/avr32/4.4.7/../../../../avr32/lib/ucr2\libc.a(lib_a-vfprintf.o) (_localeconv_r)
c:/program files (x86)/atmel/studio/7.0/toolchain/avr32/avr32-gnu-toolchain/bin/../lib/gcc/avr32/4.4.7/../../../../avr32/lib/ucr2\libc.a(lib_a-makebuf.o)
                              c:/program files (x86)/atmel/studio/7.0/toolchain/avr32/avr32-gnu-toolchain/bin/../lib/gcc/avr32/4.4.7/../../../../avr32/lib/ucr2\libc.a(lib_a-wsetup.o) (__smakebuf_r)
c:/program files (x86)/atmel/studio/7.0/toolchain/avr32/avr32-gnu-toolchain/bin/../lib/gcc/avr32/4.4.7/../../../../avr32/lib/ucr2\libc.a(lib_a-malloc.o)
                              c:/program files (x86)/atmel/studio/7.0/toolchain/avr32/avr32-gnu-toolchain/bin/../lib/gcc/avr32/4.4.7/../../../../avr32/lib/ucr2\libc.a(lib_a-dtoa.o) (malloc)
c:/program files (x86)/atmel/studio/7.0/toolchain/avr32/avr32-gnu-toolchain/bin/../lib/gcc/avr32/4.4.7/../../../../avr32/lib/ucr2\libc.a(lib_a-mallocr.o)
[...]
Memory Configuration

Name             Origin             Length             Attributes
FLASH            0x80000000         0x00080000         axrl !w
INTRAM           0x00000004         0x0000fffc         axw !rl
USERPAGE         0x80800000         0x00000200
*default*        0x00000000         0xffffffff

Linker script and memory map

                0x00001000                _stack_size = 0x1000
LOAD src/ASF/avr32/components/display/dip204/dip204.o
LOAD src/ASF/avr32/drivers/pwm/pwm.o
LOAD src/ASF/avr32/drivers/spi/spi.o
LOAD src/ASF/avr32/drivers/tc/tc.o
LOAD src/main.o
LOAD src/ASF/avr32/boards/evk1100/led.o
LOAD src/ASF/avr32/drivers/adc/adc.o
LOAD src/ASF/avr32/drivers/flashc/flashc.o
LOAD src/ASF/avr32/drivers/gpio/gpio.o
LOAD src/ASF/avr32/drivers/intc/exception.o
LOAD src/ASF/avr32/drivers/intc/intc.o
LOAD src/ASF/avr32/drivers/pm/pm.o
LOAD src/ASF/avr32/drivers/pm/pm_conf_clocks.o
LOAD src/ASF/avr32/drivers/pm/power_clocks_lib.o
LOAD src/ASF/avr32/drivers/usart/usart.o
LOAD src/ASF/avr32/utils/debug/print_funcs.o
LOAD src/ASF/avr32/utils/startup/startup_uc3.o
LOAD src/ASF/avr32/utils/startup/trampoline_uc3.o
LOAD src/ASF/common/services/clock/uc3a0_a1/sysclk.o
START GROUP
LOAD c:/program files (x86)/atmel/studio/7.0/toolchain/avr32/avr32-gnu-toolchain/bin/../lib/gcc/avr32/4.4.7/../../../../avr32/lib/ucr2\libm.a
END GROUP
LOAD c:/program files (x86)/atmel/studio/7.0/toolchain/avr32/avr32-gnu-toolchain/bin/../lib/gcc/avr32/4.4.7/ucr2\libgcc.a
LOAD c:/program files (x86)/atmel/studio/7.0/toolchain/avr32/avr32-gnu-toolchain/bin/../lib/gcc/avr32/4.4.7/../../../../avr32/lib/ucr2\libc.a
LOAD c:/program files (x86)/atmel/studio/7.0/toolchain/avr32/avr32-gnu-toolchain/bin/../lib/gcc/avr32/4.4.7/ucr2\libgcc.a
                0xffffffff                __max_heap_size__ = 0xffffffff
                [0xffffffff]                __heap_size__ = DEFINED (__heap_size__)?__heap_size__:__max_heap_size__
                [0x00001000]                __stack_size__ = DEFINED (__stack_size__)?__stack_size__:0x1000
                0x80000000                PROVIDE (__executable_start, 0x80000000)
                0x80000000                . = 0x80000000

.interp
 *(.interp)

.reset          0x80000000     0x2008
 *(.reset)
 .reset         0x80000000        0x4 src/ASF/avr32/utils/startup/startup_uc3.o
                                  0x8 (size before relaxing)
                0x80000000                _start
 .reset         0x80000004     0x2004 src/ASF/avr32/utils/startup/trampoline_uc3.o
                               0x2008 (size before relaxing)
                0x80000004                _trampoline

.hash
 *(.hash)

.dynsym
 *(.dynsym)

.dynstr
 *(.dynstr)

.gnu.version
 *(.gnu.version)

.gnu.version_d
 *(.gnu.version_d)

.gnu.version_r
 *(.gnu.version_r)

.rel.init
 *(.rel.init)

.rela.init
 *(.rela.init)

.rel.text
 *(.rel.text .rel.text.* .rel.gnu.linkonce.t.*)

.rela.text
 *(.rela.text .rela.text.* .rela.gnu.linkonce.t.*)

.rel.fini
 *(.rel.fini)

.rela.fini
 *(.rela.fini)

.rel.rodata
 *(.rel.rodata .rel.rodata.* .rel.gnu.linkonce.r.*)

.rela.rodata
 *(.rela.rodata .rela.rodata.* .rela.gnu.linkonce.r.*)

.rel.data.rel.ro
 *(.rel.data.rel.ro*)

.rela.data.rel.ro
 *(.rel.data.rel.ro*)

.rel.data
 *(.rel.data .rel.data.* .rel.gnu.linkonce.d.*)

.rela.data
 *(.rela.data .rela.data.* .rela.gnu.linkonce.d.*)

.rel.tdata
 *(.rel.tdata .rel.tdata.* .rel.gnu.linkonce.td.*)

.rela.tdata
 *(.rela.tdata .rela.tdata.* .rela.gnu.linkonce.td.*)

.rel.tbss
 *(.rel.tbss .rel.tbss.* .rel.gnu.linkonce.tb.*)

.rela.tbss
 *(.rela.tbss .rela.tbss.* .rela.gnu.linkonce.tb.*)

.rel.ctors
 *(.rel.ctors)

.rela.ctors
 *(.rela.ctors)

.rel.dtors
 *(.rel.dtors)

.rela.dtors
 *(.rela.dtors)

.rel.got
 *(.rel.got)

.rela.got       0x80002008        0x0
 *(.rela.got)
 .rela.got      0x80002008        0x0 src/ASF/avr32/drivers/flashc/flashc.o

.rel.bss
 *(.rel.bss .rel.bss.* .rel.gnu.linkonce.b.*)

.rela.bss
 *(.rela.bss .rela.bss.* .rela.gnu.linkonce.b.*)

.rel.plt
 *(.rel.plt)

.rela.plt
 *(.rela.plt)

.init
 *(.init)

.plt
 *(.plt)

.text           0x80002008      0xc20
 *(.text .stub .text.* .gnu.linkonce.t.*)
 .text.tc_init_waveform
                0x80002008       0x9c src/ASF/avr32/drivers/tc/tc.o
                0x80002008                tc_init_waveform
 .text.tc_start
                0x800020a4       0x12 src/ASF/avr32/drivers/tc/tc.o
                0x800020a4                tc_start
 .text.tc_stop  0x800020b6       0x12 src/ASF/avr32/drivers/tc/tc.o
                0x800020b6                tc_stop
 .text.tc_read_sr
                0x800020c8       0x12 src/ASF/avr32/drivers/tc/tc.o
                0x800020c8                tc_read_sr
 .text.tc_write_rc
                0x800020da       0x34 src/ASF/avr32/drivers/tc/tc.o
                0x800020da                tc_write_rc
 .text.tc_configure_interrupts
                0x8000210e      0x108 src/ASF/avr32/drivers/tc/tc.o
                0x8000210e                tc_configure_interrupts
 *fill*         0x80002216        0x2 d703d703
 .text.usart_irq_handler
                0x80002218       0x3c src/main.o
                0x80002218                usart_irq_handler
 .text.led_gpio_assign_pin
                0x80002254       0x32 src/main.o
                0x80002254                led_gpio_assign_pin
 *fill*         0x80002286        0x2 d703d703
 .text.led_timer_toggle_leds
                0x80002288       0x44 src/main.o
                0x80002288                led_timer_toggle_leds
 .text.uart_send_byte
                0x800022cc       0x18 src/main.o
                0x800022cc                uart_send_byte
 .text.uart_initialize
                0x800022e4       0x54 src/main.o
                0x800022e4                uart_initialize
 .text.sampling_timer_irq_handler
                0x80002338       0x20 src/main.o
 .text.led_timer_irq_handler
                0x80002358       0x38 src/main.o
                0x80002358                led_timer_irq_handler
 .text.frequency_button_initialize
                0x80002390       0x2c src/main.o
                0x80002390                frequency_button_initialize
 .text.frequency_button_pushed_irq_handler
                0x800023bc       0x44 src/main.o
 .text.sampling_timer_set_frequency
                0x80002400       0x3c src/main.o
                0x80002400                sampling_timer_set_frequency
 .text.sampling_timer_initialize
                0x8000243c       0x4c src/main.o
                0x8000243c                sampling_timer_initialize
 .text.led_timer_initialize
                0x80002488       0x64 src/main.o
                0x80002488                led_timer_initialize
 .text.sampling_timer_start
                0x800024ec       0x2c src/main.o
                0x800024ec                sampling_timer_start
 .text.adc_initialize
                0x80002518       0x5c src/main.o
                0x80002518                adc_initialize
 .text.adc_conversion_handler
                0x80002574       0x60 src/main.o
 .text.sampling_timer_start_sampling
                0x800025d4       0x1c src/main.o
                0x800025d4                sampling_timer_start_sampling
 .text.sampling_timer_stop
                0x800025f0       0x34 src/main.o
                0x800025f0                sampling_timer_stop
 .text.main     0x80002624      0x140 src/main.o
                0x80002624                main
 .text.adc_configure
                0x80002764       0x12 src/ASF/avr32/drivers/adc/adc.o
                0x80002764                adc_configure
 .text.adc_start
                0x80002776        0x6 src/ASF/avr32/drivers/adc/adc.o
                0x80002776                adc_start
 .text.adc_enable
                0x8000277c        0xa src/ASF/avr32/drivers/adc/adc.o
                0x8000277c                adc_enable
 .text.adc_check_eoc
                0x80002786       0x10 src/ASF/avr32/drivers/adc/adc.o
                0x80002786                adc_check_eoc
 *fill*         0x80002796        0x2 d703d703
 .text.adc_get_value
                0x80002798       0x28 src/ASF/avr32/drivers/adc/adc.o
                0x80002798                adc_get_value
 .text.gpio_enable_module_pin
                0x800027c0       0x52 src/ASF/avr32/drivers/gpio/gpio.o
                0x800027c0                gpio_enable_module_pin
 *fill*         0x80002812        0x2 d703d703
 .text.gpio_enable_module
                0x80002814       0x30 src/ASF/avr32/drivers/gpio/gpio.o
                0x80002814                gpio_enable_module
 .text.gpio_set_gpio_pin
                0x80002844       0x1c src/ASF/avr32/drivers/gpio/gpio.o
                0x80002844                gpio_set_gpio_pin
 .text.gpio_enable_pin_glitch_filter
                0x80002860       0x16 src/ASF/avr32/drivers/gpio/gpio.o
                0x80002860                gpio_enable_pin_glitch_filter
 .text.gpio_enable_pin_interrupt
                0x80002876       0x46 src/ASF/avr32/drivers/gpio/gpio.o
                0x80002876                gpio_enable_pin_interrupt
 .text.gpio_clear_pin_interrupt_flag
                0x800028bc       0x16 src/ASF/avr32/drivers/gpio/gpio.o
                0x800028bc                gpio_clear_pin_interrupt_flag
 .text._unhandled_interrupt
                0x800028d2        0x2 src/ASF/avr32/drivers/intc/intc.o
 .text.INTC_register_interrupt
                0x800028d4       0x80 src/ASF/avr32/drivers/intc/intc.o
                0x800028d4                INTC_register_interrupt
 .text.INTC_init_interrupts
                0x80002954       0x54 src/ASF/avr32/drivers/intc/intc.o
                0x80002954                INTC_init_interrupts
 .text._get_interrupt_handler
                0x800029a8       0x38 src/ASF/avr32/drivers/intc/intc.o
                0x800029a8                _get_interrupt_handler
 .text.pm_set_osc0_mode
                0x800029e0        0xa src/ASF/avr32/drivers/pm/pm.o
 *fill*         0x800029ea        0x2 d703d703
 .text.pm_enable_osc0_crystal
                0x800029ec       0x3c src/ASF/avr32/drivers/pm/pm.o
                0x800029ec                pm_enable_osc0_crystal
 .text.pm_enable_clk0_no_wait
                0x80002a28       0x10 src/ASF/avr32/drivers/pm/pm.o
                0x80002a28                pm_enable_clk0_no_wait
 .text.pm_wait_for_clk0_ready
                0x80002a38        0xa src/ASF/avr32/drivers/pm/pm.o
                0x80002a38                pm_wait_for_clk0_ready
 *fill*         0x80002a42        0x2 d703d703
 .text.pm_enable_clk0
                0x80002a44       0x1c src/ASF/avr32/drivers/pm/pm.o
                0x80002a44                pm_enable_clk0
 .text.pm_switch_to_clock
                0x80002a60        0xa src/ASF/avr32/drivers/pm/pm.o
                0x80002a60                pm_switch_to_clock
 *fill*         0x80002a6a        0x2 d703d703
 .text.pm_switch_to_osc0
                0x80002a6c       0x2c src/ASF/avr32/drivers/pm/pm.o
                0x80002a6c                pm_switch_to_osc0
 .text.usart_set_async_baudrate
                0x80002a98       0x5a src/ASF/avr32/drivers/usart/usart.o
 .text.usart_reset
                0x80002af2       0x2c src/ASF/avr32/drivers/usart/usart.o
                0x80002af2                usart_reset
 *fill*         0x80002b1e        0x2 d703d703
 .text.usart_init_rs232
                0x80002b20       0xcc src/ASF/avr32/drivers/usart/usart.o
                0x80002b20                usart_init_rs232
 .text._stext   0x80002bec       0x3c src/ASF/avr32/utils/startup/startup_uc3.o
                                 0x50 (size before relaxing)
                0x80002bec                _stext
 *(.text.*personality*)
 *(.gnu.warning)

.exception      0x80002e00      0x200
 .exception     0x80002e00      0x200 src/ASF/avr32/drivers/intc/exception.o
                0x80002e00                _evba
                0x80002f04                _int0
                0x80002f12                _int1
                0x80002f20                _int2
                0x80002f2e                _int3

.fini
 *(.fini)
                0x80003000                PROVIDE (__etext, .)
                0x80003000                PROVIDE (_etext, .)
                0x80003000                PROVIDE (etext, .)

.rodata         0x80003000       0xd4
 *(.rodata .rodata.* .gnu.linkonce.r.*)
 .rodata.options
                0x80003000        0xc src/main.o
 .rodata.ADC_GPIO_MAP.11264
                0x8000300c       0x10 src/main.o
 .rodata.sampling_timer_interrupts
                0x8000301c        0x4 src/main.o
 .rodata.usart_gpio_map
                0x80003020       0x10 src/main.o
 .rodata.led_timer_interrupts
                0x80003030        0x4 src/main.o
 .rodata._int_handler_table
                0x80003034       0xa0 src/ASF/avr32/drivers/intc/intc.o

.rodata1
 *(.rodata1)

.eh_frame_hdr
 *(.eh_frame_hdr)

.eh_frame
 *(.eh_frame)

.gcc_except_table
 *(.gcc_except_table)
 *(.gcc_except_table.*)

.lalign         0x800030d4        0x4
                0x800030d8                . = ALIGN (0x8)
 *fill*         0x800030d4        0x4 
                0x800030d8                PROVIDE (_data_lma, .)
                0x00000004                . = ORIGIN (INTRAM)

.dalign         0x00000004        0x4
                0x00000008                . = ALIGN (0x8)
 *fill*         0x00000004        0x4 
                0x00000008                PROVIDE (_data, .)

.eh_frame
 *(.eh_frame)

.gcc_except_table
 *(.gcc_except_table)
 *(.gcc_except_table.*)

.tdata
 *(.tdata .tdata.* .gnu.linkonce.td.*)

.tbss
 *(.tbss .tbss.* .gnu.linkonce.tb.*)
 *(.tcommon)
                0x00000008                PROVIDE (__preinit_array_start, ALIGN (0x4))

.preinit_array
 *(.preinit_array)
                0x00000008                PROVIDE (__preinit_array_end, .)
                0x00000008                PROVIDE (__init_array_start, .)

.init_array
 *(.init_array)
                0x00000008                PROVIDE (__init_array_end, .)
                0x00000008                PROVIDE (__fini_array_start, .)

.fini_array
 *(.fini_array)
                0x00000008                PROVIDE (__fini_array_end, .)

.ctors
 *crtbegin*.o(.ctors)
 *(EXCLUDE_FILE(*crtend*.o) .ctors)
 *(SORT(.ctors.*))
 *(.ctors)

.dtors
 *crtbegin*.o(.dtors)
 *(EXCLUDE_FILE(*crtend*.o) .dtors)
 *(SORT(.dtors.*))
 *(.dtors)

.jcr
 *(.jcr)

.data.rel.ro
 *(.data.rel.ro.local)
 *(.data.rel.ro*)

.dynamic
 *(.dynamic)

.got
 *(.got.plt)
 *(.got)

.ramtext
 *(.ramtext .ramtext.*)

.ddalign        0x00000008        0x0 load address 0x800030d8
                0x00000008                . = ALIGN (0x8)

.data           0x00000008       0x10 load address 0x800030d8
 *(.data .data.* .gnu.linkonce.d.*)
 .data.sampling_timer_waveform
                0x00000008        0x8 src/main.o
 .data.led_timer_waveform
                0x00000010        0x8 src/main.o
 *(.gnu.linkonce.d.*personality*)

.data1
 *(.data1)

.balign         0x00000018        0x0 load address 0x800030e8
                0x00000018                . = ALIGN (0x8)
                0x00000018                PROVIDE (_edata, .)
                0x00000018                PROVIDE (edata, .)
                0x00000018                __bss_start = .

.bss            0x00000018      0x110
 *(.dynbss)
 *(.bss .bss.* .gnu.linkonce.b.*)
 .bss.sampling_timer_is_sampling_ready
                0x00000018        0x1 src/main.o
                0x00000018                sampling_timer_is_sampling_ready
 *fill*         0x00000019        0x1 
 .bss.sampling_timer_current_frequency
                0x0000001a        0x2 src/main.o
                0x0000001a                sampling_timer_current_frequency
 .bss.ticks.11186
                0x0000001c        0x1 src/main.o
 *fill*         0x0000001d        0x3 
 .bss.adc_conversion_values
                0x00000020        0x8 src/main.o
                0x00000020                adc_conversion_values
 .bss.sampling_timer_is_running
                0x00000028        0x1 src/main.o
                0x00000028                sampling_timer_is_running
 .bss.led_state
                0x00000029        0x1 src/main.o
 *fill*         0x0000002a        0x2 
 .bss.adc_conversion_indices
                0x0000002c        0x4 src/main.o
                0x0000002c                adc_conversion_indices
 .bss.sampling_timer_desired_frequency
                0x00000030        0x2 src/main.o
                0x00000030                sampling_timer_desired_frequency
 .bss.led_timer_should_toggle_leds
                0x00000032        0x1 src/main.o
                0x00000032                led_timer_should_toggle_leds
 .bss.led_timer_flash_led2
                0x00000033        0x1 src/main.o
                0x00000033                led_timer_flash_led2
 .bss.uart_received_command
                0x00000034        0x1 src/main.o
                0x00000034                uart_received_command
 .bss.uart_transmission_completed
                0x00000035        0x1 src/main.o
                0x00000035                uart_transmission_completed
 *fill*         0x00000036        0x2 
 .bss._int_line_handler_table_6
                0x00000038        0x4 src/ASF/avr32/drivers/intc/intc.o
 .bss._int_line_handler_table_7
                0x0000003c        0x4 src/ASF/avr32/drivers/intc/intc.o
 .bss._int_line_handler_table_8
                0x00000040        0x4 src/ASF/avr32/drivers/intc/intc.o
 .bss._int_line_handler_table_9
                0x00000044        0x4 src/ASF/avr32/drivers/intc/intc.o
 .bss._int_line_handler_table_10
                0x00000048        0x4 src/ASF/avr32/drivers/intc/intc.o
 .bss._int_line_handler_table_11
                0x0000004c        0x4 src/ASF/avr32/drivers/intc/intc.o
 .bss._int_line_handler_table_12
                0x00000050        0x4 src/ASF/avr32/drivers/intc/intc.o
 .bss._int_line_handler_table_13
                0x00000054        0x4 src/ASF/avr32/drivers/intc/intc.o
 .bss._int_line_handler_table_14
                0x00000058        0xc src/ASF/avr32/drivers/intc/intc.o
 .bss._int_line_handler_table_15
                0x00000064        0x4 src/ASF/avr32/drivers/intc/intc.o
 .bss._int_line_handler_table_16
                0x00000068        0x4 src/ASF/avr32/drivers/intc/intc.o
 .bss._int_line_handler_table_17
                0x0000006c        0x4 src/ASF/avr32/drivers/intc/intc.o
 .bss._int_line_handler_table_18
                0x00000070        0x4 src/ASF/avr32/drivers/intc/intc.o
 .bss._int_line_handler_table_19
                0x00000074        0x4 src/ASF/avr32/drivers/intc/intc.o
 .bss._int_line_handler_table_0
                0x00000078        0x4 src/ASF/avr32/drivers/intc/intc.o
 .bss._int_line_handler_table_1
                0x0000007c       0x2c src/ASF/avr32/drivers/intc/intc.o
 .bss._int_line_handler_table_2
                0x000000a8       0x38 src/ASF/avr32/drivers/intc/intc.o
 .bss._int_line_handler_table_3
                0x000000e0       0x3c src/ASF/avr32/drivers/intc/intc.o
 .bss._int_line_handler_table_4
                0x0000011c        0x4 src/ASF/avr32/drivers/intc/intc.o
 .bss._int_line_handler_table_5
                0x00000120        0x4 src/ASF/avr32/drivers/intc/intc.o
 *(COMMON)
                0x00000128                . = ALIGN (0x8)
 *fill*         0x00000124        0x4 
                0x00000128                . = ALIGN (0x8)
                0x00000128                _end = .
                0x00000128                PROVIDE (end, .)
                0x00000128                __heap_start__ = ALIGN (0x8)

.heap           0x00000128     0xeed8
 *(.heap)
                0x0000eed8                . = (__heap_size__ == __max_heap_size__)?(((ORIGIN (INTRAM) + 0xfffc) - __stack_size__) - ABSOLUTE (.)):__heap_size__
 *fill*         0x00000128     0xeed8 
                0x0000f000                __heap_end__ = .

.stab
 *(.stab)

.stabstr
 *(.stabstr)

.stab.excl
 *(.stab.excl)

.stab.exclstr
 *(.stab.exclstr)

.stab.index
 *(.stab.index)

.stab.indexstr
 *(.stab.indexstr)

.comment        0x00000000       0x30
 *(.comment)
 .comment       0x00000000       0x30 src/ASF/avr32/drivers/tc/tc.o
                                 0x31 (size before relaxing)
 .comment       0x00000000       0x31 src/main.o
 .comment       0x00000000       0x31 src/ASF/avr32/drivers/adc/adc.o
 .comment       0x00000000       0x31 src/ASF/avr32/drivers/gpio/gpio.o
 .comment       0x00000000       0x31 src/ASF/avr32/drivers/intc/intc.o
 .comment       0x00000000       0x31 src/ASF/avr32/drivers/pm/pm.o
 .comment       0x00000000       0x31 src/ASF/avr32/drivers/usart/usart.o

.debug
 *(.debug)

.line
 *(.line)

.debug_srcinfo
 *(.debug_srcinfo)

.debug_sfnames
 *(.debug_sfnames)

.debug_aranges  0x00000000      0x5c0
 *(.debug_aranges)
 .debug_aranges
                0x00000000       0xa8 src/ASF/avr32/drivers/tc/tc.o
 .debug_aranges
                0x000000a8       0xa8 src/main.o
 .debug_aranges
                0x00000150       0x60 src/ASF/avr32/drivers/adc/adc.o
 .debug_aranges
                0x000001b0      0x100 src/ASF/avr32/drivers/gpio/gpio.o
 .debug_aranges
                0x000002b0       0x20 src/ASF/avr32/drivers/intc/exception.o
 .debug_aranges
                0x000002d0       0x38 src/ASF/avr32/drivers/intc/intc.o
 .debug_aranges
                0x00000308      0x190 src/ASF/avr32/drivers/pm/pm.o
 .debug_aranges
                0x00000498       0xe0 src/ASF/avr32/drivers/usart/usart.o
 .debug_aranges
                0x00000578       0x28 src/ASF/avr32/utils/startup/startup_uc3.o
 .debug_aranges
                0x000005a0       0x20 src/ASF/avr32/utils/startup/trampoline_uc3.o

.debug_pubnames
                0x00000000      0xe76
 *(.debug_pubnames)
 .debug_pubnames
                0x00000000      0x164 src/ASF/avr32/drivers/tc/tc.o
 .debug_pubnames
                0x00000164      0x2b8 src/main.o
 .debug_pubnames
                0x0000041c       0xb3 src/ASF/avr32/drivers/adc/adc.o
 .debug_pubnames
                0x000004cf      0x330 src/ASF/avr32/drivers/gpio/gpio.o
 .debug_pubnames
                0x000007ff       0x62 src/ASF/avr32/drivers/intc/intc.o
 .debug_pubnames
                0x00000861      0x3ee src/ASF/avr32/drivers/pm/pm.o
 .debug_pubnames
                0x00000c4f      0x227 src/ASF/avr32/drivers/usart/usart.o

.debug_info     0x00000000     0xade4
 *(.debug_info .gnu.linkonce.wi.*)
 .debug_info    0x00000000     0x1183 src/ASF/avr32/drivers/tc/tc.o
 .debug_info    0x00001183     0x4130 src/main.o
 .debug_info    0x000052b3     0x1095 src/ASF/avr32/drivers/adc/adc.o
 .debug_info    0x00006348      0xb1b src/ASF/avr32/drivers/gpio/gpio.o
 .debug_info    0x00006e63       0x8b src/ASF/avr32/drivers/intc/exception.o
 .debug_info    0x00006eee      0x5b3 src/ASF/avr32/drivers/intc/intc.o
 .debug_info    0x000074a1     0x1a59 src/ASF/avr32/drivers/pm/pm.o
 .debug_info    0x00008efa     0x1dcf src/ASF/avr32/drivers/usart/usart.o
 .debug_info    0x0000acc9       0x8a src/ASF/avr32/utils/startup/startup_uc3.o
 .debug_info    0x0000ad53       0x91 src/ASF/avr32/utils/startup/trampoline_uc3.o

.debug_abbrev   0x00000000     0x11cb
 *(.debug_abbrev)
 .debug_abbrev  0x00000000      0x25c src/ASF/avr32/drivers/tc/tc.o
 .debug_abbrev  0x0000025c      0x327 src/main.o
 .debug_abbrev  0x00000583      0x193 src/ASF/avr32/drivers/adc/adc.o
 .debug_abbrev  0x00000716      0x28b src/ASF/avr32/drivers/gpio/gpio.o
 .debug_abbrev  0x000009a1       0x14 src/ASF/avr32/drivers/intc/exception.o
 .debug_abbrev  0x000009b5      0x1f2 src/ASF/avr32/drivers/intc/intc.o
 .debug_abbrev  0x00000ba7      0x2d1 src/ASF/avr32/drivers/pm/pm.o
 .debug_abbrev  0x00000e78      0x32d src/ASF/avr32/drivers/usart/usart.o
 .debug_abbrev  0x000011a5       0x12 src/ASF/avr32/utils/startup/startup_uc3.o
 .debug_abbrev  0x000011b7       0x14 src/ASF/avr32/utils/startup/trampoline_uc3.o

.debug_line     0x00000000     0x3c29
 *(.debug_line)
 .debug_line    0x00000000      0x7ba src/ASF/avr32/drivers/tc/tc.o
 .debug_line    0x000007ba      0x8e1 src/main.o
 .debug_line    0x0000109b      0x6ed src/ASF/avr32/drivers/adc/adc.o
 .debug_line    0x00001788      0x8c7 src/ASF/avr32/drivers/gpio/gpio.o
 .debug_line    0x0000204f      0x109 src/ASF/avr32/drivers/intc/exception.o
 .debug_line    0x00002158      0x695 src/ASF/avr32/drivers/intc/intc.o
 .debug_line    0x000027ed      0x9ca src/ASF/avr32/drivers/pm/pm.o
 .debug_line    0x000031b7      0x919 src/ASF/avr32/drivers/usart/usart.o
 .debug_line    0x00003ad0       0xf2 src/ASF/avr32/utils/startup/startup_uc3.o
 .debug_line    0x00003bc2       0x67 src/ASF/avr32/utils/startup/trampoline_uc3.o

.debug_frame    0x00000000      0xc7c
 *(.debug_frame)
 .debug_frame   0x00000000      0x148 src/ASF/avr32/drivers/tc/tc.o
 .debug_frame   0x00000148      0x1d4 src/main.o
 .debug_frame   0x0000031c       0xbc src/ASF/avr32/drivers/adc/adc.o
 .debug_frame   0x000003d8      0x204 src/ASF/avr32/drivers/gpio/gpio.o
 .debug_frame   0x000005dc       0x64 src/ASF/avr32/drivers/intc/intc.o
 .debug_frame   0x00000640      0x390 src/ASF/avr32/drivers/pm/pm.o
 .debug_frame   0x000009d0      0x2ac src/ASF/avr32/drivers/usart/usart.o

.debug_str      0x00000000     0x2151
 *(.debug_str)
 .debug_str     0x00000000      0x462 src/ASF/avr32/drivers/tc/tc.o
                                0x4c8 (size before relaxing)
 .debug_str     0x00000462      0xd6f src/main.o
                               0x11ad (size before relaxing)
 .debug_str     0x000011d1       0xa0 src/ASF/avr32/drivers/adc/adc.o
                                0x42b (size before relaxing)
 .debug_str     0x00001271      0x2f9 src/ASF/avr32/drivers/gpio/gpio.o
                                0x527 (size before relaxing)
 .debug_str     0x0000156a      0x37d src/ASF/avr32/drivers/intc/intc.o
                                0x47b (size before relaxing)
 .debug_str     0x000018e7      0x4e8 src/ASF/avr32/drivers/pm/pm.o
                                0x993 (size before relaxing)
 .debug_str     0x00001dcf      0x382 src/ASF/avr32/drivers/usart/usart.o
                                0x8fa (size before relaxing)

.debug_loc      0x00000000     0x1aa4
 *(.debug_loc)
 .debug_loc     0x00000000      0x3ff src/ASF/avr32/drivers/tc/tc.o
 .debug_loc     0x000003ff      0x237 src/main.o
 .debug_loc     0x00000636      0x115 src/ASF/avr32/drivers/adc/adc.o
 .debug_loc     0x0000074b      0x368 src/ASF/avr32/drivers/gpio/gpio.o
 .debug_loc     0x00000ab3       0xd3 src/ASF/avr32/drivers/intc/intc.o
 .debug_loc     0x00000b86      0x559 src/ASF/avr32/drivers/pm/pm.o
 .debug_loc     0x000010df      0x9c5 src/ASF/avr32/drivers/usart/usart.o

.debug_macinfo  0x00000000   0x678cce
 *(.debug_macinfo)
 .debug_macinfo
                0x00000000    0xecaf3 src/ASF/avr32/drivers/tc/tc.o
 .debug_macinfo
                0x000ecaf3    0xeee5b src/main.o
 .debug_macinfo
                0x001db94e    0xec21e src/ASF/avr32/drivers/adc/adc.o
 .debug_macinfo
                0x002c7b6c    0xec40e src/ASF/avr32/drivers/gpio/gpio.o
 .debug_macinfo
                0x003b3f7a    0xec4bb src/ASF/avr32/drivers/intc/intc.o
 .debug_macinfo
                0x004a0435    0xec278 src/ASF/avr32/drivers/pm/pm.o
 .debug_macinfo
                0x0058c6ad    0xec621 src/ASF/avr32/drivers/usart/usart.o

.debug_weaknames
 *(.debug_weaknames)

.debug_funcnames
 *(.debug_funcnames)

.debug_typenames
 *(.debug_typenames)

.debug_varnames
 *(.debug_varnames)

.stack          0x0000f000     0x1000
                0x0000f000                _stack = .
 *(.stack)
                0x00001000                . = __stack_size__
 *fill*         0x0000f000     0x1000 
                0x00010000                _estack = .

.userpage
 *(.userpage .userpage.*)

/DISCARD/
 *(.note.GNU-stack)
OUTPUT(Lab01.elf elf32-avr32)

.debug_ranges   0x00000000      0x558
 .debug_ranges  0x00000000       0xa0 src/ASF/avr32/drivers/tc/tc.o
 .debug_ranges  0x000000a0       0xa0 src/main.o
 .debug_ranges  0x00000140       0x58 src/ASF/avr32/drivers/adc/adc.o
 .debug_ranges  0x00000198       0xf8 src/ASF/avr32/drivers/gpio/gpio.o
 .debug_ranges  0x00000290       0x48 src/ASF/avr32/drivers/intc/intc.o
 .debug_ranges  0x000002d8      0x188 src/ASF/avr32/drivers/pm/pm.o
 .debug_ranges  0x00000460       0xd8 src/ASF/avr32/drivers/usart/usart.o
 .debug_ranges  0x00000538       0x20 src/ASF/avr32/utils/startup/startup_uc3.o
